Component: Arm Compiler for Embedded 6.21 Tool: armlink [5ec1fa00]

==============================================================================

Section Cross References

    startup_stm32f407xx.o(RESET) refers to startup_stm32f407xx.o(STACK) for __initial_sp
    startup_stm32f407xx.o(RESET) refers to startup_stm32f407xx.o(.text) for Reset_Handler
    startup_stm32f407xx.o(RESET) refers to stm32f4xx_it.o(.text.NMI_Handler) for NMI_Handler
    startup_stm32f407xx.o(RESET) refers to stm32f4xx_it.o(.text.HardFault_Handler) for HardFault_Handler
    startup_stm32f407xx.o(RESET) refers to stm32f4xx_it.o(.text.MemManage_Handler) for MemManage_Handler
    startup_stm32f407xx.o(RESET) refers to stm32f4xx_it.o(.text.BusFault_Handler) for BusFault_Handler
    startup_stm32f407xx.o(RESET) refers to stm32f4xx_it.o(.text.UsageFault_Handler) for UsageFault_Handler
    startup_stm32f407xx.o(RESET) refers to stm32f4xx_it.o(.text.SVC_Handler) for SVC_Handler
    startup_stm32f407xx.o(RESET) refers to stm32f4xx_it.o(.text.DebugMon_Handler) for DebugMon_Handler
    startup_stm32f407xx.o(RESET) refers to stm32f4xx_it.o(.text.PendSV_Handler) for PendSV_Handler
    startup_stm32f407xx.o(RESET) refers to stm32f4xx_it.o(.text.SysTick_Handler) for SysTick_Handler
    startup_stm32f407xx.o(RESET) refers to stm32f4xx_it.o(.text.DMA1_Stream1_IRQHandler) for DMA1_Stream1_IRQHandler
    startup_stm32f407xx.o(RESET) refers to stm32f4xx_it.o(.text.EXTI9_5_IRQHandler) for EXTI9_5_IRQHandler
    startup_stm32f407xx.o(RESET) refers to stm32f4xx_it.o(.text.TIM2_IRQHandler) for TIM2_IRQHandler
    startup_stm32f407xx.o(RESET) refers to stm32f4xx_it.o(.text.TIM3_IRQHandler) for TIM3_IRQHandler
    startup_stm32f407xx.o(RESET) refers to stm32f4xx_it.o(.text.USART1_IRQHandler) for USART1_IRQHandler
    startup_stm32f407xx.o(RESET) refers to stm32f4xx_it.o(.text.USART3_IRQHandler) for USART3_IRQHandler
    startup_stm32f407xx.o(.text) refers to system_stm32f4xx.o(.text.SystemInit) for SystemInit
    startup_stm32f407xx.o(.text) refers to entry.o(.ARM.Collect$$$$00000000) for __main
    main.o(.text.fputc) refers to usart.o(.bss.huart1) for huart1
    main.o(.text.fputc) refers to stm32f4xx_hal_uart.o(.text.HAL_UART_Transmit) for HAL_UART_Transmit
    main.o(.ARM.exidx.text.fputc) refers to main.o(.text.fputc) for [Anonymous Symbol]
    main.o(.text.fgetc) refers to usart.o(.bss.huart1) for huart1
    main.o(.text.fgetc) refers to stm32f4xx_hal_uart.o(.text.HAL_UART_Receive) for HAL_UART_Receive
    main.o(.ARM.exidx.text.fgetc) refers to main.o(.text.fgetc) for [Anonymous Symbol]
    main.o(.text.main) refers to stm32f4xx_hal.o(.text.HAL_Init) for HAL_Init
    main.o(.text.main) refers to main.o(.text.SystemClock_Config) for SystemClock_Config
    main.o(.text.main) refers to stm32f4xx_hal.o(.text.HAL_Delay) for HAL_Delay
    main.o(.text.main) refers to gpio.o(.text.MX_GPIO_Init) for MX_GPIO_Init
    main.o(.text.main) refers to i2c.o(.text.MX_I2C1_Init) for MX_I2C1_Init
    main.o(.text.main) refers to spi.o(.text.MX_SPI1_Init) for MX_SPI1_Init
    main.o(.text.main) refers to spi.o(.text.MX_SPI2_Init) for MX_SPI2_Init
    main.o(.text.main) refers to tim.o(.text.MX_TIM4_Init) for MX_TIM4_Init
    main.o(.text.main) refers to usart.o(.text.MX_USART1_UART_Init) for MX_USART1_UART_Init
    main.o(.text.main) refers to dma.o(.text.MX_DMA_Init) for MX_DMA_Init
    main.o(.text.main) refers to adc.o(.text.MX_ADC1_Init) for MX_ADC1_Init
    main.o(.text.main) refers to usart.o(.text.MX_USART2_UART_Init) for MX_USART2_UART_Init
    main.o(.text.main) refers to usart.o(.text.MX_USART3_UART_Init) for MX_USART3_UART_Init
    main.o(.text.main) refers to tim.o(.text.MX_TIM2_Init) for MX_TIM2_Init
    main.o(.text.main) refers to tim.o(.text.MX_TIM3_Init) for MX_TIM3_Init
    main.o(.text.main) refers to stm32f4xx_hal_cortex.o(.text.HAL_NVIC_SetPriority) for HAL_NVIC_SetPriority
    main.o(.text.main) refers to stm32f4xx_hal_cortex.o(.text.HAL_NVIC_EnableIRQ) for HAL_NVIC_EnableIRQ
    main.o(.text.main) refers to pmw3901.o(.text.pmw3901_init) for pmw3901_init
    main.o(.text.main) refers to battery.o(.text.battery_init) for battery_init
    main.o(.text.main) refers to nrf24l01.o(.text.nrf2401_init) for nrf2401_init
    main.o(.text.main) refers to tim.o(.bss.htim4) for htim4
    main.o(.text.main) refers to stm32f4xx_hal_tim.o(.text.HAL_TIM_PWM_Start) for HAL_TIM_PWM_Start
    main.o(.text.main) refers to battery.o(.text.wireless_printf_battery) for wireless_printf_battery
    main.o(.text.main) refers to w25q64jvssiq.o(.bss.w25_1) for w25_1
    main.o(.text.main) refers to w25q64jvssiq.o(.text.w25_spi_read) for w25_spi_read
    main.o(.text.main) refers to spi.o(.bss.hspi1) for hspi1
    main.o(.text.main) refers to w25q64jvssiq.o(.text.W25Q64_cs_out) for W25Q64_cs_out
    main.o(.text.main) refers to w25q64jvssiq.o(.text.w25_spi_witre) for w25_spi_witre
    main.o(.text.main) refers to w25q64jvssiq.o(.text.w25_Init) for w25_Init
[...]
    ../mathlib/sqrt.c                        0x00000000   Number         0  sqrt.o ABSOLUTE
    ../mathlib/tan.c                         0x00000000   Number         0  tan.o ABSOLUTE
    ../mathlib/tan_i.c                       0x00000000   Number         0  tan_i.o ABSOLUTE
    Attitude_solution.c                      0x00000000   Number         0  attitude_solution.o ABSOLUTE
    Kalman.c                                 0x00000000   Number         0  kalman.o ABSOLUTE
    W25Q64JVSSIQ.c                           0x00000000   Number         0  w25q64jvssiq.o ABSOLUTE
    adc.c                                    0x00000000   Number         0  adc.o ABSOLUTE
    battery.c                                0x00000000   Number         0  battery.o ABSOLUTE
    cdcmple.s                                0x00000000   Number         0  cdcmple.o ABSOLUTE
    cdrcmple.s                               0x00000000   Number         0  cdrcmple.o ABSOLUTE
    dc.s                                     0x00000000   Number         0  dc.o ABSOLUTE
    dma.c                                    0x00000000   Number         0  dma.o ABSOLUTE
    gpio.c                                   0x00000000   Number         0  gpio.o ABSOLUTE
    handlers.s                               0x00000000   Number         0  handlers.o ABSOLUTE
    i2c.c                                    0x00000000   Number         0  i2c.o ABSOLUTE
    init.s                                   0x00000000   Number         0  init.o ABSOLUTE
    inv_mpu.c                                0x00000000   Number         0  inv_mpu.o ABSOLUTE
    inv_mpu_dmp_motion_driver.c              0x00000000   Number         0  inv_mpu_dmp_motion_driver.o ABSOLUTE
    main.c                                   0x00000000   Number         0  main.o ABSOLUTE
    motor.c                                  0x00000000   Number         0  motor.o ABSOLUTE
    mpu6050.c                                0x00000000   Number         0  mpu6050.o ABSOLUTE
    nrf24l01.c                               0x00000000   Number         0  nrf24l01.o ABSOLUTE
    pid.c                                    0x00000000   Number         0  pid.o ABSOLUTE
    pmw3901.c                                0x00000000   Number         0  pmw3901.o ABSOLUTE
    rbg.c                                    0x00000000   Number         0  rbg.o ABSOLUTE
    spi.c                                    0x00000000   Number         0  spi.o ABSOLUTE
    startup_stm32f407xx.s                    0x00000000   Number         0  startup_stm32f407xx.o ABSOLUTE
    stm32f4xx_hal.c                          0x00000000   Number         0  stm32f4xx_hal.o ABSOLUTE
    stm32f4xx_hal_adc.c                      0x00000000   Number         0  stm32f4xx_hal_adc.o ABSOLUTE
    stm32f4xx_hal_adc_ex.c                   0x00000000   Number         0  stm32f4xx_hal_adc_ex.o ABSOLUTE
    stm32f4xx_hal_cortex.c                   0x00000000   Number         0  stm32f4xx_hal_cortex.o ABSOLUTE
    stm32f4xx_hal_dma.c                      0x00000000   Number         0  stm32f4xx_hal_dma.o ABSOLUTE
    stm32f4xx_hal_dma_ex.c                   0x00000000   Number         0  stm32f4xx_hal_dma_ex.o ABSOLUTE
    stm32f4xx_hal_exti.c                     0x00000000   Number         0  stm32f4xx_hal_exti.o ABSOLUTE
    stm32f4xx_hal_flash.c                    0x00000000   Number         0  stm32f4xx_hal_flash.o ABSOLUTE
    stm32f4xx_hal_flash_ex.c                 0x00000000   Number         0  stm32f4xx_hal_flash_ex.o ABSOLUTE
    stm32f4xx_hal_flash_ramfunc.c            0x00000000   Number         0  stm32f4xx_hal_flash_ramfunc.o ABSOLUTE
    stm32f4xx_hal_gpio.c                     0x00000000   Number         0  stm32f4xx_hal_gpio.o ABSOLUTE
    stm32f4xx_hal_i2c.c                      0x00000000   Number         0  stm32f4xx_hal_i2c.o ABSOLUTE
    stm32f4xx_hal_i2c_ex.c                   0x00000000   Number         0  stm32f4xx_hal_i2c_ex.o ABSOLUTE
    stm32f4xx_hal_msp.c                      0x00000000   Number         0  stm32f4xx_hal_msp.o ABSOLUTE
    stm32f4xx_hal_pwr.c                      0x00000000   Number         0  stm32f4xx_hal_pwr.o ABSOLUTE
    stm32f4xx_hal_pwr_ex.c                   0x00000000   Number         0  stm32f4xx_hal_pwr_ex.o ABSOLUTE
    stm32f4xx_hal_rcc.c                      0x00000000   Number         0  stm32f4xx_hal_rcc.o ABSOLUTE
    stm32f4xx_hal_rcc_ex.c                   0x00000000   Number         0  stm32f4xx_hal_rcc_ex.o ABSOLUTE
    stm32f4xx_hal_spi.c                      0x00000000   Number         0  stm32f4xx_hal_spi.o ABSOLUTE
    stm32f4xx_hal_tim.c                      0x00000000   Number         0  stm32f4xx_hal_tim.o ABSOLUTE
    stm32f4xx_hal_tim_ex.c                   0x00000000   Number         0  stm32f4xx_hal_tim_ex.o ABSOLUTE
    stm32f4xx_hal_uart.c                     0x00000000   Number         0  stm32f4xx_hal_uart.o ABSOLUTE
    stm32f4xx_it.c                           0x00000000   Number         0  stm32f4xx_it.o ABSOLUTE
    stm32f4xx_ll_adc.c                       0x00000000   Number         0  stm32f4xx_ll_adc.o ABSOLUTE
    system_stm32f4xx.c                       0x00000000   Number         0  system_stm32f4xx.o ABSOLUTE
    tim.c                                    0x00000000   Number         0  tim.o ABSOLUTE
    usart.c                                  0x00000000   Number         0  usart.o ABSOLUTE
    RESET                                    0x08000000   Section      392  startup_stm32f407xx.o(RESET)
    .ARM.Collect$$$$00000000                 0x08000188   Section        0  entry.o(.ARM.Collect$$$$00000000)
    .ARM.Collect$$$$00000001                 0x08000188   Section        4  entry2.o(.ARM.Collect$$$$00000001)
    .ARM.Collect$$$$00000004                 0x0800018c   Section        4  entry5.o(.ARM.Collect$$$$00000004)
    .ARM.Collect$$$$00000008                 0x08000190   Section        0  entry7b.o(.ARM.Collect$$$$00000008)
    .ARM.Collect$$$$0000000A                 0x08000190   Section        0  entry8b.o(.ARM.Collect$$$$0000000A)
    .ARM.Collect$$$$0000000B                 0x08000190   Section        8  entry9a.o(.ARM.Collect$$$$0000000B)
    __lit__00000000                          0x08000198   Data           4  entry2.o(.ARM.Collect$$$$00002712)
    .ARM.Collect$$$$0000000D                 0x08000198   Section        0  entry10a.o(.ARM.Collect$$$$0000000D)
    .ARM.Collect$$$$0000000F                 0x08000198   Section        0  entry11a.o(.ARM.Collect$$$$0000000F)
    .ARM.Collect$$$$00002712                 0x08000198   Section        4  entry2.o(.ARM.Collect$$$$00002712)
    $v0                                      0x0800019c   Number         0  startup_stm32f407xx.o(.text)
    .text                                    0x0800019c   Section       36  startup_stm32f407xx.o(.text)
    .text                                    0x080001c0   Section        0  uldiv.o(.text)
    .text                                    0x08000222   Section        0  strlen.o(.text)
    .text                                    0x08000230   Section        0  dadd.o(.text)
    .text                                    0x0800037e   Section        0  dmul.o(.text)
    .text                                    0x08000462   Section        0  ddiv.o(.text)
    .text                                    0x08000540   Section        0  dfltui.o(.text)
    .text                                    0x0800055a   Section        0  f2d.o(.text)
    .text                                    0x08000580   Section        0  uidiv.o(.text)
    .text                                    0x080005ac   Section        0  llshl.o(.text)
    .text                                    0x080005ca   Section        0  llushr.o(.text)
    .text                                    0x080005ea   Section        0  llsshr.o(.text)
    .text                                    0x0800060e   Section        0  iusefp.o(.text)
    .text                                    0x0800060e   Section        0  depilogue.o(.text)
    .text                                    0x080006c8   Section        0  dfixul.o(.text)
    .text                                    0x080006f8   Section       48  cdrcmple.o(.text)
    .text                                    0x08000728   Section       48  init.o(.text)
    ADC_DMAConvCplt                          0x08000759   Thumb Code   110  stm32f4xx_hal_adc.o(.text.ADC_DMAConvCplt)
    [Anonymous Symbol]                       0x08000758   Section        0  stm32f4xx_hal_adc.o(.text.ADC_DMAConvCplt)
    ADC_DMAError                             0x080007c9   Thumb Code    18  stm32f4xx_hal_adc.o(.text.ADC_DMAError)
    [Anonymous Symbol]                       0x080007c8   Section        0  stm32f4xx_hal_adc.o(.text.ADC_DMAError)
    ADC_DMAHalfConvCplt                      0x080007dd   Thumb Code     6  stm32f4xx_hal_adc.o(.text.ADC_DMAHalfConvCplt)
    [Anonymous Symbol]                       0x080007dc   Section        0  stm32f4xx_hal_adc.o(.text.ADC_DMAHalfConvCplt)
    [Anonymous Symbol]                       0x080007e4   Section        0  stm32f4xx_it.o(.text.BusFault_Handler)
    [Anonymous Symbol]                       0x080007e8   Section        0  stm32f4xx_it.o(.text.DMA1_Stream1_IRQHandler)
    [Anonymous Symbol]                       0x080007f4   Section        0  stm32f4xx_it.o(.text.DebugMon_Handler)
    [Anonymous Symbol]                       0x080007f8   Section        0  stm32f4xx_it.o(.text.EXTI9_5_IRQHandler)
    [Anonymous Symbol]                       0x08000800   Section        0  main.o(.text.Error_Handler)
    [Anonymous Symbol]                       0x0800080c   Section        0  w25q64jvssiq.o(.text.FALSH_Read_id)
    [Anonymous Symbol]                       0x08000850   Section        0  stm32f4xx_hal_adc.o(.text.HAL_ADC_ConfigChannel)
    [Anonymous Symbol]                       0x08000998   Section        0  stm32f4xx_hal_adc.o(.text.HAL_ADC_ConvCpltCallback)
    [Anonymous Symbol]                       0x0800099c   Section        0  stm32f4xx_hal_adc.o(.text.HAL_ADC_ConvHalfCpltCallback)
    [Anonymous Symbol]                       0x080009a0   Section        0  stm32f4xx_hal_adc.o(.text.HAL_ADC_ErrorCallback)
    [Anonymous Symbol]                       0x080009a4   Section        0  stm32f4xx_hal_adc.o(.text.HAL_ADC_Init)
    [Anonymous Symbol]                       0x08000b04   Section        0  adc.o(.text.HAL_ADC_MspInit)
    [Anonymous Symbol]                       0x08000bb8   Section        0  stm32f4xx_hal_adc.o(.text.HAL_ADC_Start_DMA)
    [Anonymous Symbol]                       0x08000d58   Section        0  stm32f4xx_hal_dma.o(.text.HAL_DMA_Abort)
    [Anonymous Symbol]                       0x08000de8   Section        0  stm32f4xx_hal_dma.o(.text.HAL_DMA_Abort_IT)
    [Anonymous Symbol]                       0x08000e0c   Section        0  stm32f4xx_hal_dma.o(.text.HAL_DMA_IRQHandler)
    [Anonymous Symbol]                       0x08000fcc   Section        0  stm32f4xx_hal_dma.o(.text.HAL_DMA_Init)
    [Anonymous Symbol]                       0x08001130   Section        0  stm32f4xx_hal_dma.o(.text.HAL_DMA_Start_IT)
    [Anonymous Symbol]                       0x080011d4   Section        0  stm32f4xx_hal.o(.text.HAL_Delay)
    [Anonymous Symbol]                       0x080011fc   Section        0  stm32f4xx_hal_gpio.o(.text.HAL_GPIO_EXTI_Callback)
    [Anonymous Symbol]                       0x08001200   Section        0  stm32f4xx_hal_gpio.o(.text.HAL_GPIO_EXTI_IRQHandler)
    [Anonymous Symbol]                       0x08001218   Section        0  stm32f4xx_hal_gpio.o(.text.HAL_GPIO_Init)
    [Anonymous Symbol]                       0x080013b4   Section        0  stm32f4xx_hal_gpio.o(.text.HAL_GPIO_ReadPin)
    [Anonymous Symbol]                       0x080013c0   Section        0  stm32f4xx_hal_gpio.o(.text.HAL_GPIO_WritePin)
    [Anonymous Symbol]                       0x080013cc   Section        0  stm32f4xx_hal.o(.text.HAL_GetTick)
    [Anonymous Symbol]                       0x080013d8   Section        0  stm32f4xx_hal_i2c.o(.text.HAL_I2C_Init)
    [Anonymous Symbol]                       0x0800153c   Section        0  stm32f4xx_hal_i2c.o(.text.HAL_I2C_Mem_Read)
    [Anonymous Symbol]                       0x080018a8   Section        0  stm32f4xx_hal_i2c.o(.text.HAL_I2C_Mem_Write)
    [Anonymous Symbol]                       0x08001a84   Section        0  i2c.o(.text.HAL_I2C_MspInit)
    [Anonymous Symbol]                       0x08001af0   Section        0  stm32f4xx_hal.o(.text.HAL_IncTick)
    [Anonymous Symbol]                       0x08001b0c   Section        0  stm32f4xx_hal.o(.text.HAL_Init)
    [Anonymous Symbol]                       0x08001b44   Section        0  stm32f4xx_hal.o(.text.HAL_InitTick)
    [Anonymous Symbol]                       0x08001b8c   Section        0  stm32f4xx_hal_msp.o(.text.HAL_MspInit)
    [Anonymous Symbol]                       0x08001bc8   Section        0  stm32f4xx_hal_cortex.o(.text.HAL_NVIC_EnableIRQ)
    [Anonymous Symbol]                       0x08001bec   Section        0  stm32f4xx_hal_cortex.o(.text.HAL_NVIC_SetPriority)
    [Anonymous Symbol]                       0x08001c44   Section        0  stm32f4xx_hal_cortex.o(.text.HAL_NVIC_SetPriorityGrouping)
    [Anonymous Symbol]                       0x08001c64   Section        0  stm32f4xx_hal_rcc.o(.text.HAL_RCC_ClockConfig)
    [Anonymous Symbol]                       0x08001dc8   Section        0  stm32f4xx_hal_rcc.o(.text.HAL_RCC_GetPCLK1Freq)
    [Anonymous Symbol]                       0x08001df0   Section        0  stm32f4xx_hal_rcc.o(.text.HAL_RCC_GetPCLK2Freq)
    [Anonymous Symbol]                       0x08001e18   Section        0  stm32f4xx_hal_rcc.o(.text.HAL_RCC_GetSysClockFreq)
    [Anonymous Symbol]                       0x08001e84   Section        0  stm32f4xx_hal_rcc.o(.text.HAL_RCC_OscConfig)
    [Anonymous Symbol]                       0x08002234   Section        0  stm32f4xx_hal_spi.o(.text.HAL_SPI_Init)
    [Anonymous Symbol]                       0x080022e8   Section        0  spi.o(.text.HAL_SPI_MspInit)
    [Anonymous Symbol]                       0x080023ac   Section        0  stm32f4xx_hal_spi.o(.text.HAL_SPI_Receive)
    [Anonymous Symbol]                       0x08002598   Section        0  stm32f4xx_hal_spi.o(.text.HAL_SPI_Transmit)
    [Anonymous Symbol]                       0x080027e8   Section        0  stm32f4xx_hal_spi.o(.text.HAL_SPI_TransmitReceive)
    [Anonymous Symbol]                       0x08002afc   Section        0  stm32f4xx_hal_cortex.o(.text.HAL_SYSTICK_Config)
    [Anonymous Symbol]                       0x08002b28   Section        0  stm32f4xx_hal_tim_ex.o(.text.HAL_TIMEx_BreakCallback)
    [Anonymous Symbol]                       0x08002b2c   Section        0  stm32f4xx_hal_tim_ex.o(.text.HAL_TIMEx_CommutCallback)
    [Anonymous Symbol]                       0x08002b30   Section        0  stm32f4xx_hal_tim_ex.o(.text.HAL_TIMEx_MasterConfigSynchronization)
    [Anonymous Symbol]                       0x08002bec   Section        0  stm32f4xx_hal_tim.o(.text.HAL_TIM_Base_Init)
    [Anonymous Symbol]                       0x08002c48   Section        0  tim.o(.text.HAL_TIM_Base_MspInit)
    [Anonymous Symbol]                       0x08002cc4   Section        0  stm32f4xx_hal_tim.o(.text.HAL_TIM_Base_Start_IT)
    [Anonymous Symbol]                       0x08002d70   Section        0  stm32f4xx_hal_tim.o(.text.HAL_TIM_ConfigClockSource)
    [Anonymous Symbol]                       0x08002f10   Section        0  stm32f4xx_hal_tim.o(.text.HAL_TIM_IC_CaptureCallback)
    [Anonymous Symbol]                       0x08002f14   Section        0  stm32f4xx_hal_tim.o(.text.HAL_TIM_IRQHandler)
    [Anonymous Symbol]                       0x08003084   Section        0  stm32f4xx_hal_tim.o(.text.HAL_TIM_OC_DelayElapsedCallback)
    [Anonymous Symbol]                       0x08003088   Section        0  stm32f4xx_hal_tim.o(.text.HAL_TIM_PWM_ConfigChannel)
    [Anonymous Symbol]                       0x080032ac   Section        0  stm32f4xx_hal_tim.o(.text.HAL_TIM_PWM_Init)
    [Anonymous Symbol]                       0x08003308   Section        0  tim.o(.text.HAL_TIM_PWM_MspInit)
    [Anonymous Symbol]                       0x0800333c   Section        0  stm32f4xx_hal_tim.o(.text.HAL_TIM_PWM_PulseFinishedCallback)
    [Anonymous Symbol]                       0x08003340   Section        0  stm32f4xx_hal_tim.o(.text.HAL_TIM_PWM_Start)
    [Anonymous Symbol]                       0x08003460   Section        0  motor.o(.text.HAL_TIM_PeriodElapsedCallback)
    [Anonymous Symbol]                       0x08003480   Section        0  stm32f4xx_hal_tim.o(.text.HAL_TIM_TriggerCallback)
    [Anonymous Symbol]                       0x08003484   Section        0  stm32f4xx_hal_uart.o(.text.HAL_UARTEx_RxEventCallback)
    [Anonymous Symbol]                       0x08003488   Section        0  stm32f4xx_hal_uart.o(.text.HAL_UART_ErrorCallback)
    [Anonymous Symbol]                       0x0800348c   Section        0  stm32f4xx_hal_uart.o(.text.HAL_UART_IRQHandler)
    [Anonymous Symbol]                       0x080039e8   Section        0  stm32f4xx_hal_uart.o(.text.HAL_UART_Init)
    [Anonymous Symbol]                       0x08003a48   Section        0  usart.o(.text.HAL_UART_MspInit)
    [Anonymous Symbol]                       0x08003bdc   Section        0  stm32f4xx_hal_uart.o(.text.HAL_UART_Receive_DMA)
    [Anonymous Symbol]                       0x08003d4c   Section        0  pmw3901.o(.text.HAL_UART_RxCpltCallback)
    [Anonymous Symbol]                       0x08003d50   Section        0  stm32f4xx_hal_uart.o(.text.HAL_UART_RxHalfCpltCallback)
    [Anonymous Symbol]                       0x08003d54   Section        0  stm32f4xx_hal_uart.o(.text.HAL_UART_TxCpltCallback)
    [Anonymous Symbol]                       0x08003d58   Section        0  stm32f4xx_it.o(.text.HardFault_Handler)
    I2C_RequestMemoryRead                    0x08003d5d   Thumb Code   794  stm32f4xx_hal_i2c.o(.text.I2C_RequestMemoryRead)
    [Anonymous Symbol]                       0x08003d5c   Section        0  stm32f4xx_hal_i2c.o(.text.I2C_RequestMemoryRead)
    I2C_RequestMemoryWrite                   0x08004079   Thumb Code   626  stm32f4xx_hal_i2c.o(.text.I2C_RequestMemoryWrite)
    [Anonymous Symbol]                       0x08004078   Section        0  stm32f4xx_hal_i2c.o(.text.I2C_RequestMemoryWrite)
    I2C_WaitOnBTFFlagUntilTimeout            0x080042ed   Thumb Code   168  stm32f4xx_hal_i2c.o(.text.I2C_WaitOnBTFFlagUntilTimeout)
    [Anonymous Symbol]                       0x080042ec   Section        0  stm32f4xx_hal_i2c.o(.text.I2C_WaitOnBTFFlagUntilTimeout)
    I2C_WaitOnFlagUntilTimeout               0x08004395   Thumb Code   328  stm32f4xx_hal_i2c.o(.text.I2C_WaitOnFlagUntilTimeout)
    [Anonymous Symbol]                       0x08004394   Section        0  stm32f4xx_hal_i2c.o(.text.I2C_WaitOnFlagUntilTimeout)
    I2C_WaitOnMasterAddressFlagUntilTimeout  0x080044dd   Thumb Code   184  stm32f4xx_hal_i2c.o(.text.I2C_WaitOnMasterAddressFlagUntilTimeout)
    [Anonymous Symbol]                       0x080044dc   Section        0  stm32f4xx_hal_i2c.o(.text.I2C_WaitOnMasterAddressFlagUntilTimeout)
    [Anonymous Symbol]                       0x08004594   Section        0  mpu6050.o(.text.MPU6050_Get_Gyroscope)
    [Anonymous Symbol]                       0x080045f0   Section        0  mpu6050.o(.text.MPU6050_Init)
    [Anonymous Symbol]                       0x080047e8   Section        0  adc.o(.text.MX_ADC1_Init)
    [Anonymous Symbol]                       0x08004858   Section        0  dma.o(.text.MX_DMA_Init)
    [Anonymous Symbol]                       0x08004890   Section        0  gpio.o(.text.MX_GPIO_Init)
    [Anonymous Symbol]                       0x080049dc   Section        0  i2c.o(.text.MX_I2C1_Init)
    [Anonymous Symbol]                       0x08004a20   Section        0  spi.o(.text.MX_SPI1_Init)
    [Anonymous Symbol]                       0x08004a68   Section        0  spi.o(.text.MX_SPI2_Init)
    [Anonymous Symbol]                       0x08004ab4   Section        0  tim.o(.text.MX_TIM2_Init)
    [Anonymous Symbol]                       0x08004b28   Section        0  tim.o(.text.MX_TIM3_Init)
    [Anonymous Symbol]                       0x08004ba0   Section        0  tim.o(.text.MX_TIM4_Init)
    [Anonymous Symbol]                       0x08004cac   Section        0  usart.o(.text.MX_USART1_UART_Init)
    [Anonymous Symbol]                       0x08004ce8   Section        0  usart.o(.text.MX_USART2_UART_Init)
    [Anonymous Symbol]                       0x08004d24   Section        0  usart.o(.text.MX_USART3_UART_Init)
    [Anonymous Symbol]                       0x08004d60   Section        0  stm32f4xx_it.o(.text.MemManage_Handler)
    [Anonymous Symbol]                       0x08004d64   Section        0  stm32f4xx_it.o(.text.NMI_Handler)
    [Anonymous Symbol]                       0x08004d68   Section        0  nrf24l01.o(.text.NRF24L01_Check)
    [Anonymous Symbol]                       0x08004f20   Section        0  nrf24l01.o(.text.NRF24L01_TX_Mode)
    [Anonymous Symbol]                       0x0800537c   Section        0  nrf24l01.o(.text.NRF24L01_TxPacket)
    [Anonymous Symbol]                       0x0800554c   Section        0  stm32f4xx_it.o(.text.PendSV_Handler)
    SPI_WaitFlagStateUntilTimeout            0x08005551   Thumb Code   228  stm32f4xx_hal_spi.o(.text.SPI_WaitFlagStateUntilTimeout)
    [Anonymous Symbol]                       0x08005550   Section        0  stm32f4xx_hal_spi.o(.text.SPI_WaitFlagStateUntilTimeout)
    [Anonymous Symbol]                       0x08005634   Section        0  stm32f4xx_it.o(.text.SVC_Handler)
    [Anonymous Symbol]                       0x08005638   Section        0  stm32f4xx_it.o(.text.SysTick_Handler)
    [Anonymous Symbol]                       0x0800563c   Section        0  main.o(.text.SystemClock_Config)
    [Anonymous Symbol]                       0x080056ec   Section        0  system_stm32f4xx.o(.text.SystemInit)
    [Anonymous Symbol]                       0x08005700   Section        0  stm32f4xx_it.o(.text.TIM2_IRQHandler)
    [Anonymous Symbol]                       0x0800570c   Section        0  stm32f4xx_it.o(.text.TIM3_IRQHandler)
    [Anonymous Symbol]                       0x08005718   Section        0  stm32f4xx_hal_tim.o(.text.TIM_Base_SetConfig)
    UART_DMAAbortOnError                     0x08005855   Thumb Code    12  stm32f4xx_hal_uart.o(.text.UART_DMAAbortOnError)
    [Anonymous Symbol]                       0x08005854   Section        0  stm32f4xx_hal_uart.o(.text.UART_DMAAbortOnError)
    UART_DMAError                            0x08005861   Thumb Code   380  stm32f4xx_hal_uart.o(.text.UART_DMAError)
    [Anonymous Symbol]                       0x08005860   Section        0  stm32f4xx_hal_uart.o(.text.UART_DMAError)
    UART_DMAReceiveCplt                      0x080059dd   Thumb Code   346  stm32f4xx_hal_uart.o(.text.UART_DMAReceiveCplt)
    [Anonymous Symbol]                       0x080059dc   Section        0  stm32f4xx_hal_uart.o(.text.UART_DMAReceiveCplt)
    UART_DMARxHalfCplt                       0x08005b39   Thumb Code    20  stm32f4xx_hal_uart.o(.text.UART_DMARxHalfCplt)
    [Anonymous Symbol]                       0x08005b38   Section        0  stm32f4xx_hal_uart.o(.text.UART_DMARxHalfCplt)
    UART_Receive_IT                          0x08005b4d   Thumb Code   254  stm32f4xx_hal_uart.o(.text.UART_Receive_IT)
    [Anonymous Symbol]                       0x08005b4c   Section        0  stm32f4xx_hal_uart.o(.text.UART_Receive_IT)
    UART_SetConfig                           0x08005c4d   Thumb Code   238  stm32f4xx_hal_uart.o(.text.UART_SetConfig)
    [Anonymous Symbol]                       0x08005c4c   Section        0  stm32f4xx_hal_uart.o(.text.UART_SetConfig)
    [Anonymous Symbol]                       0x08005d3c   Section        0  stm32f4xx_it.o(.text.USART1_IRQHandler)
    [Anonymous Symbol]                       0x08005d48   Section        0  stm32f4xx_it.o(.text.USART3_IRQHandler)
    [Anonymous Symbol]                       0x08005d54   Section        0  stm32f4xx_it.o(.text.UsageFault_Handler)
    [Anonymous Symbol]                       0x08005d58   Section        0  w25q64jvssiq.o(.text.W25Q64_cs_out)
    [Anonymous Symbol]                       0x08005d68   Section        0  battery.o(.text.battery_init)
    [Anonymous Symbol]                       0x08005da0   Section        0  battery.o(.text.get_val)
    [Anonymous Symbol]                       0x08005dac   Section        0  attitude_solution.o(.text.imu_rest)
    [Anonymous Symbol]                       0x08005dd8   Section        0  main.o(.text.main)
    [Anonymous Symbol]                       0x08006044   Section        0  mpu6050.o(.text.mpu6050_delay_ms)
    [Anonymous Symbol]                       0x08006048   Section        0  mpu6050.o(.text.mpu6050_r_len)
    [Anonymous Symbol]                       0x08006070   Section        0  mpu6050.o(.text.mpu6050_w_len)
    [Anonymous Symbol]                       0x08006098   Section        0  nrf24l01.o(.text.nrf2401_init)
    [Anonymous Symbol]                       0x080060e4   Section        0  pmw3901.o(.text.pmw3901_init)
    [Anonymous Symbol]                       0x080060fc   Section        0  w25q64jvssiq.o(.text.w25_Init)
    [Anonymous Symbol]                       0x08006114   Section        0  w25q64jvssiq.o(.text.w25_spi_read)
    [Anonymous Symbol]                       0x08006130   Section        0  w25q64jvssiq.o(.text.w25_spi_witre)
    [Anonymous Symbol]                       0x08006154   Section        0  battery.o(.text.wireless_printf_battery)
    i.__0vsnprintf                           0x080061a8   Section        0  printfa.o(i.__0vsnprintf)
    i.__scatterload_copy                     0x080061dc   Section       14  handlers.o(i.__scatterload_copy)
    i.__scatterload_null                     0x080061ea   Section        2  handlers.o(i.__scatterload_null)
    i.__scatterload_zeroinit                 0x080061ec   Section       14  handlers.o(i.__scatterload_zeroinit)
    _fp_digits                               0x080061fd   Thumb Code   366  printfa.o(i._fp_digits)
    i._fp_digits                             0x080061fc   Section        0  printfa.o(i._fp_digits)
    _printf_core                             0x08006381   Thumb Code  1744  printfa.o(i._printf_core)
    i._printf_core                           0x08006380   Section        0  printfa.o(i._printf_core)
    _printf_post_padding                     0x08006a5d   Thumb Code    36  printfa.o(i._printf_post_padding)
    i._printf_post_padding                   0x08006a5c   Section        0  printfa.o(i._printf_post_padding)
    _printf_pre_padding                      0x08006a81   Thumb Code    46  printfa.o(i._printf_pre_padding)
    i._printf_pre_padding                    0x08006a80   Section        0  printfa.o(i._printf_pre_padding)
    _snputc                                  0x08006aaf   Thumb Code    22  printfa.o(i._snputc)
    i._snputc                                0x08006aae   Section        0  printfa.o(i._snputc)
    DMA_CalcBaseAndBitshift.flagBitshiftOffset 0x08006adc   Data           8  stm32f4xx_hal_dma.o(.rodata.cst8)
    [Anonymous Symbol]                       0x08006adc   Section        0  stm32f4xx_hal_dma.o(.rodata.cst8)
    .L.str.6                                 0x08006ae4   Data          13  main.o(.rodata.str1.1)
    [Anonymous Symbol]                       0x08006ae4   Section        0  main.o(.rodata.str1.1)
    .L.str.1                                 0x08006af1   Data          16  mpu6050.o(.rodata.str1.1)
    [Anonymous Symbol]                       0x08006af1   Section        0  mpu6050.o(.rodata.str1.1)
    .L_MergedGlobals                         0x20000000   Data           8  stm32f4xx_hal.o(.data..L_MergedGlobals)
    [Anonymous Symbol]                       0x20000000   Section        0  stm32f4xx_hal.o(.data..L_MergedGlobals)
    HAL_TIM_PeriodElapsedCallback.tim2_count 0x20000030   Data           4  motor.o(.bss.HAL_TIM_PeriodElapsedCallback.tim2_count)
    [Anonymous Symbol]                       0x20000030   Section        0  motor.o(.bss.HAL_TIM_PeriodElapsedCallback.tim2_count)
    STACK                                    0x20000410   Section     1024  startup_stm32f407xx.o(STACK)

    Global Symbols

    Symbol Name                              Value     Ov Type        Size  Object(Section)

    BuildAttributes$$THM_ISAv4$E$P$D$K$B$S$7EM$VFPi3$EXTD16$VFPS$VFMA$PE$A:L22UL41UL21$X:L11$S22US41US21$IEEE1$IW$~IW$USESV6$~STKCKD$USESV7$~SHL$OTIME$ROPI$IEEEX$EBA8$MICROLIB$REQ8$PRES8$EABIv2 0x00000000   Number         0  anon$$obj.o ABSOLUTE
    _printf_a                                0x00000000   Number         0  printfstubs.o ABSOLUTE
    _printf_c                                0x00000000   Number         0  printfstubs.o ABSOLUTE
    _printf_charcount                        0x00000000   Number         0  printfstubs.o ABSOLUTE
    _printf_d                                0x00000000   Number         0  printfstubs.o ABSOLUTE
    _printf_e                                0x00000000   Number         0  printfstubs.o ABSOLUTE
    _printf_f                                0x00000000   Number         0  printfstubs.o ABSOLUTE
    _printf_flags                            0x00000000   Number         0  printfstubs.o ABSOLUTE
    _printf_fp_dec                           0x00000000   Number         0  printfstubs.o ABSOLUTE
    _printf_fp_hex                           0x00000000   Number         0  printfstubs.o ABSOLUTE
    _printf_g                                0x00000000   Number         0  printfstubs.o ABSOLUTE
    _printf_i                                0x00000000   Number         0  printfstubs.o ABSOLUTE
    _printf_int_dec                          0x00000000   Number         0  printfstubs.o ABSOLUTE
    _printf_l                                0x00000000   Number         0  printfstubs.o ABSOLUTE
    _printf_lc                               0x00000000   Number         0  printfstubs.o ABSOLUTE
    _printf_ll                               0x00000000   Number         0  printfstubs.o ABSOLUTE
    _printf_lld                              0x00000000   Number         0  printfstubs.o ABSOLUTE
    _printf_lli                              0x00000000   Number         0  printfstubs.o ABSOLUTE
    _printf_llo                              0x00000000   Number         0  printfstubs.o ABSOLUTE
    _printf_llu                              0x00000000   Number         0  printfstubs.o ABSOLUTE
    _printf_llx                              0x00000000   Number         0  printfstubs.o ABSOLUTE
    _printf_longlong_dec                     0x00000000   Number         0  printfstubs.o ABSOLUTE
    _printf_longlong_hex                     0x00000000   Number         0  printfstubs.o ABSOLUTE
    _printf_longlong_oct                     0x00000000   Number         0  printfstubs.o ABSOLUTE
    _printf_ls                               0x00000000   Number         0  printfstubs.o ABSOLUTE
    _printf_mbtowc                           0x00000000   Number         0  printfstubs.o ABSOLUTE
    _printf_n                                0x00000000   Number         0  printfstubs.o ABSOLUTE
    _printf_o                                0x00000000   Number         0  printfstubs.o ABSOLUTE
    _printf_p                                0x00000000   Number         0  printfstubs.o ABSOLUTE
    _printf_percent                          0x00000000   Number         0  printfstubs.o ABSOLUTE
    _printf_pre_padding                      0x00000000   Number         0  printfstubs.o ABSOLUTE
    _printf_return_value                     0x00000000   Number         0  printfstubs.o ABSOLUTE
    _printf_s                                0x00000000   Number         0  printfstubs.o ABSOLUTE
    _printf_sizespec                         0x00000000   Number         0  printfstubs.o ABSOLUTE
    _printf_str                              0x00000000   Number         0  printfstubs.o ABSOLUTE
    _printf_truncate_signed                  0x00000000   Number         0  printfstubs.o ABSOLUTE
    _printf_truncate_unsigned                0x00000000   Number         0  printfstubs.o ABSOLUTE
    _printf_u                                0x00000000   Number         0  printfstubs.o ABSOLUTE
    _printf_wc                               0x00000000   Number         0  printfstubs.o ABSOLUTE
    _printf_wctomb                           0x00000000   Number         0  printfstubs.o ABSOLUTE
    _printf_widthprec                        0x00000000   Number         0  printfstubs.o ABSOLUTE
    _printf_x                                0x00000000   Number         0  printfstubs.o ABSOLUTE
    __cpp_initialize__aeabi_                  - Undefined Weak Reference
    __cxa_finalize                            - Undefined Weak Reference
    __decompress                              - Undefined Weak Reference
    _clock_init                               - Undefined Weak Reference
    _microlib_exit                            - Undefined Weak Reference
    __Vectors_Size                           0x00000188   Number         0  startup_stm32f407xx.o ABSOLUTE
    __Vectors                                0x08000000   Data           4  startup_stm32f407xx.o(RESET)
    __Vectors_End                            0x08000188   Data           0  startup_stm32f407xx.o(RESET)
    __main                                   0x08000189   Thumb Code     0  entry.o(.ARM.Collect$$$$00000000)
    _main_stk                                0x08000189   Thumb Code     0  entry2.o(.ARM.Collect$$$$00000001)
    _main_scatterload                        0x0800018d   Thumb Code     0  entry5.o(.ARM.Collect$$$$00000004)
    __main_after_scatterload                 0x08000191   Thumb Code     0  entry5.o(.ARM.Collect$$$$00000004)
    _main_clock                              0x08000191   Thumb Code     0  entry7b.o(.ARM.Collect$$$$00000008)
    _main_cpp_init                           0x08000191   Thumb Code     0  entry8b.o(.ARM.Collect$$$$0000000A)
    _main_init                               0x08000191   Thumb Code     0  entry9a.o(.ARM.Collect$$$$0000000B)
    __rt_final_cpp                           0x08000199   Thumb Code     0  entry10a.o(.ARM.Collect$$$$0000000D)
    __rt_final_exit                          0x08000199   Thumb Code     0  entry11a.o(.ARM.Collect$$$$0000000F)
    Reset_Handler                            0x0800019d   Thumb Code     8  startup_stm32f407xx.o(.text)
    ADC_IRQHandler                           0x080001b7   Thumb Code     0  startup_stm32f407xx.o(.text)
    CAN1_RX0_IRQHandler                      0x080001b7   Thumb Code     0  startup_stm32f407xx.o(.text)
    CAN1_RX1_IRQHandler                      0x080001b7   Thumb Code     0  startup_stm32f407xx.o(.text)
    CAN1_SCE_IRQHandler                      0x080001b7   Thumb Code     0  startup_stm32f407xx.o(.text)
    CAN1_TX_IRQHandler                       0x080001b7   Thumb Code     0  startup_stm32f407xx.o(.text)
    CAN2_RX0_IRQHandler                      0x080001b7   Thumb Code     0  startup_stm32f407xx.o(.text)
    CAN2_RX1_IRQHandler                      0x080001b7   Thumb Code     0  startup_stm32f407xx.o(.text)
    CAN2_SCE_IRQHandler                      0x080001b7   Thumb Code     0  startup_stm32f407xx.o(.text)
    CAN2_TX_IRQHandler                       0x080001b7   Thumb Code     0  startup_stm32f407xx.o(.text)
    DCMI_IRQHandler                          0x080001b7   Thumb Code     0  startup_stm32f407xx.o(.text)
    DMA1_Stream0_IRQHandler                  0x080001b7   Thumb Code     0  startup_stm32f407xx.o(.text)
    DMA1_Stream2_IRQHandler                  0x080001b7   Thumb Code     0  startup_stm32f407xx.o(.text)
    DMA1_Stream3_IRQHandler                  0x080001b7   Thumb Code     0  startup_stm32f407xx.o(.text)
    DMA1_Stream4_IRQHandler                  0x080001b7   Thumb Code     0  startup_stm32f407xx.o(.text)
    DMA1_Stream5_IRQHandler                  0x080001b7   Thumb Code     0  startup_stm32f407xx.o(.text)
    DMA1_Stream6_IRQHandler                  0x080001b7   Thumb Code     0  startup_stm32f407xx.o(.text)
    DMA1_Stream7_IRQHandler                  0x080001b7   Thumb Code     0  startup_stm32f407xx.o(.text)
    DMA2_Stream0_IRQHandler                  0x080001b7   Thumb Code     0  startup_stm32f407xx.o(.text)
    DMA2_Stream1_IRQHandler                  0x080001b7   Thumb Code     0  startup_stm32f407xx.o(.text)
    DMA2_Stream2_IRQHandler                  0x080001b7   Thumb Code     0  startup_stm32f407xx.o(.text)
    DMA2_Stream3_IRQHandler                  0x080001b7   Thumb Code     0  startup_stm32f407xx.o(.text)
    DMA2_Stream4_IRQHandler                  0x080001b7   Thumb Code     0  startup_stm32f407xx.o(.text)
    DMA2_Stream5_IRQHandler                  0x080001b7   Thumb Code     0  startup_stm32f407xx.o(.text)
    DMA2_Stream6_IRQHandler                  0x080001b7   Thumb Code     0  startup_stm32f407xx.o(.text)
    DMA2_Stream7_IRQHandler                  0x080001b7   Thumb Code     0  startup_stm32f407xx.o(.text)
    ETH_IRQHandler                           0x080001b7   Thumb Code     0  startup_stm32f407xx.o(.text)
    ETH_WKUP_IRQHandler                      0x080001b7   Thumb Code     0  startup_stm32f407xx.o(.text)
    EXTI0_IRQHandler                         0x080001b7   Thumb Code     0  startup_stm32f407xx.o(.text)
    EXTI15_10_IRQHandler                     0x080001b7   Thumb Code     0  startup_stm32f407xx.o(.text)
    EXTI1_IRQHandler                         0x080001b7   Thumb Code     0  startup_stm32f407xx.o(.text)
    EXTI2_IRQHandler                         0x080001b7   Thumb Code     0  startup_stm32f407xx.o(.text)
    EXTI3_IRQHandler                         0x080001b7   Thumb Code     0  startup_stm32f407xx.o(.text)
    EXTI4_IRQHandler                         0x080001b7   Thumb Code     0  startup_stm32f407xx.o(.text)
    FLASH_IRQHandler                         0x080001b7   Thumb Code     0  startup_stm32f407xx.o(.text)
    FMC_IRQHandler                           0x080001b7   Thumb Code     0  startup_stm32f407xx.o(.text)
    FPU_IRQHandler                           0x080001b7   Thumb Code     0  startup_stm32f407xx.o(.text)
    HASH_RNG_IRQHandler                      0x080001b7   Thumb Code     0  startup_stm32f407xx.o(.text)
    I2C1_ER_IRQHandler                       0x080001b7   Thumb Code     0  startup_stm32f407xx.o(.text)
    I2C1_EV_IRQHandler                       0x080001b7   Thumb Code     0  startup_stm32f407xx.o(.text)
    I2C2_ER_IRQHandler                       0x080001b7   Thumb Code     0  startup_stm32f407xx.o(.text)
    I2C2_EV_IRQHandler                       0x080001b7   Thumb Code     0  startup_stm32f407xx.o(.text)
    I2C3_ER_IRQHandler                       0x080001b7   Thumb Code     0  startup_stm32f407xx.o(.text)
    I2C3_EV_IRQHandler                       0x080001b7   Thumb Code     0  startup_stm32f407xx.o(.text)
    OTG_FS_IRQHandler                        0x080001b7   Thumb Code     0  startup_stm32f407xx.o(.text)
    OTG_FS_WKUP_IRQHandler                   0x080001b7   Thumb Code     0  startup_stm32f407xx.o(.text)
    OTG_HS_EP1_IN_IRQHandler                 0x080001b7   Thumb Code     0  startup_stm32f407xx.o(.text)
    OTG_HS_EP1_OUT_IRQHandler                0x080001b7   Thumb Code     0  startup_stm32f407xx.o(.text)
    OTG_HS_IRQHandler                        0x080001b7   Thumb Code     0  startup_stm32f407xx.o(.text)
    OTG_HS_WKUP_IRQHandler                   0x080001b7   Thumb Code     0  startup_stm32f407xx.o(.text)
    PVD_IRQHandler                           0x080001b7   Thumb Code     0  startup_stm32f407xx.o(.text)
    RCC_IRQHandler                           0x080001b7   Thumb Code     0  startup_stm32f407xx.o(.text)
    RTC_Alarm_IRQHandler                     0x080001b7   Thumb Code     0  startup_stm32f407xx.o(.text)
    RTC_WKUP_IRQHandler                      0x080001b7   Thumb Code     0  startup_stm32f407xx.o(.text)
    SDIO_IRQHandler                          0x080001b7   Thumb Code     0  startup_stm32f407xx.o(.text)
    SPI1_IRQHandler                          0x080001b7   Thumb Code     0  startup_stm32f407xx.o(.text)
    SPI2_IRQHandler                          0x080001b7   Thumb Code     0  startup_stm32f407xx.o(.text)
    SPI3_IRQHandler                          0x080001b7   Thumb Code     0  startup_stm32f407xx.o(.text)
    TAMP_STAMP_IRQHandler                    0x080001b7   Thumb Code     0  startup_stm32f407xx.o(.text)
    TIM1_BRK_TIM9_IRQHandler                 0x080001b7   Thumb Code     0  startup_stm32f407xx.o(.text)
    TIM1_CC_IRQHandler                       0x080001b7   Thumb Code     0  startup_stm32f407xx.o(.text)
    TIM1_TRG_COM_TIM11_IRQHandler            0x080001b7   Thumb Code     0  startup_stm32f407xx.o(.text)
    TIM1_UP_TIM10_IRQHandler                 0x080001b7   Thumb Code     0  startup_stm32f407xx.o(.text)
    TIM4_IRQHandler                          0x080001b7   Thumb Code     0  startup_stm32f407xx.o(.text)
    TIM5_IRQHandler                          0x080001b7   Thumb Code     0  startup_stm32f407xx.o(.text)
    TIM6_DAC_IRQHandler                      0x080001b7   Thumb Code     0  startup_stm32f407xx.o(.text)
    TIM7_IRQHandler                          0x080001b7   Thumb Code     0  startup_stm32f407xx.o(.text)
    TIM8_BRK_TIM12_IRQHandler                0x080001b7   Thumb Code     0  startup_stm32f407xx.o(.text)
    TIM8_CC_IRQHandler                       0x080001b7   Thumb Code     0  startup_stm32f407xx.o(.text)
    TIM8_TRG_COM_TIM14_IRQHandler            0x080001b7   Thumb Code     0  startup_stm32f407xx.o(.text)
    TIM8_UP_TIM13_IRQHandler                 0x080001b7   Thumb Code     0  startup_stm32f407xx.o(.text)
    UART4_IRQHandler                         0x080001b7   Thumb Code     0  startup_stm32f407xx.o(.text)
    UART5_IRQHandler                         0x080001b7   Thumb Code     0  startup_stm32f407xx.o(.text)
    USART2_IRQHandler                        0x080001b7   Thumb Code     0  startup_stm32f407xx.o(.text)
    USART6_IRQHandler                        0x080001b7   Thumb Code     0  startup_stm32f407xx.o(.text)
    WWDG_IRQHandler                          0x080001b7   Thumb Code     0  startup_stm32f407xx.o(.text)
    __aeabi_uldivmod                         0x080001c1   Thumb Code    98  uldiv.o(.text)
    strlen                                   0x08000223   Thumb Code    14  strlen.o(.text)
    __aeabi_dadd                             0x08000231   Thumb Code   322  dadd.o(.text)
    __aeabi_dsub                             0x08000373   Thumb Code     6  dadd.o(.text)
    __aeabi_drsub                            0x08000379   Thumb Code     6  dadd.o(.text)
    __aeabi_dmul                             0x0800037f   Thumb Code   228  dmul.o(.text)
    __aeabi_ddiv                             0x08000463   Thumb Code   222  ddiv.o(.text)
    __aeabi_ui2d                             0x08000541   Thumb Code    26  dfltui.o(.text)
    __aeabi_f2d                              0x0800055b   Thumb Code    38  f2d.o(.text)
    __aeabi_uidiv                            0x08000581   Thumb Code     0  uidiv.o(.text)
    __aeabi_uidivmod                         0x08000581   Thumb Code    44  uidiv.o(.text)
    __aeabi_llsl                             0x080005ad   Thumb Code    30  llshl.o(.text)
    _ll_shift_l                              0x080005ad   Thumb Code     0  llshl.o(.text)
    __aeabi_llsr                             0x080005cb   Thumb Code    32  llushr.o(.text)
    _ll_ushift_r                             0x080005cb   Thumb Code     0  llushr.o(.text)
    __aeabi_lasr                             0x080005eb   Thumb Code    36  llsshr.o(.text)
    _ll_sshift_r                             0x080005eb   Thumb Code     0  llsshr.o(.text)
    __I$use$fp                               0x0800060f   Thumb Code     0  iusefp.o(.text)
    _double_round                            0x0800060f   Thumb Code    30  depilogue.o(.text)
    _double_epilogue                         0x0800062d   Thumb Code   156  depilogue.o(.text)
    __aeabi_d2ulz                            0x080006c9   Thumb Code    48  dfixul.o(.text)
    __aeabi_cdrcmple                         0x080006f9   Thumb Code    48  cdrcmple.o(.text)
    __scatterload                            0x08000729   Thumb Code    38  init.o(.text)
    __scatterload_rt2                        0x08000729   Thumb Code     0  init.o(.text)
    BusFault_Handler                         0x080007e5   Thumb Code     2  stm32f4xx_it.o(.text.BusFault_Handler)
    DMA1_Stream1_IRQHandler                  0x080007e9   Thumb Code    12  stm32f4xx_it.o(.text.DMA1_Stream1_IRQHandler)
    DebugMon_Handler                         0x080007f5   Thumb Code     2  stm32f4xx_it.o(.text.DebugMon_Handler)
    EXTI9_5_IRQHandler                       0x080007f9   Thumb Code     8  stm32f4xx_it.o(.text.EXTI9_5_IRQHandler)
    Error_Handler                            0x08000801   Thumb Code    10  main.o(.text.Error_Handler)
    FALSH_Read_id                            0x0800080d   Thumb Code    66  w25q64jvssiq.o(.text.FALSH_Read_id)
    HAL_ADC_ConfigChannel                    0x08000851   Thumb Code   326  stm32f4xx_hal_adc.o(.text.HAL_ADC_ConfigChannel)
    HAL_ADC_ConvCpltCallback                 0x08000999   Thumb Code     2  stm32f4xx_hal_adc.o(.text.HAL_ADC_ConvCpltCallback)
    HAL_ADC_ConvHalfCpltCallback             0x0800099d   Thumb Code     2  stm32f4xx_hal_adc.o(.text.HAL_ADC_ConvHalfCpltCallback)
    HAL_ADC_ErrorCallback                    0x080009a1   Thumb Code     2  stm32f4xx_hal_adc.o(.text.HAL_ADC_ErrorCallback)
    HAL_ADC_Init                             0x080009a5   Thumb Code   350  stm32f4xx_hal_adc.o(.text.HAL_ADC_Init)
    HAL_ADC_MspInit                          0x08000b05   Thumb Code   178  adc.o(.text.HAL_ADC_MspInit)
    HAL_ADC_Start_DMA                        0x08000bb9   Thumb Code   416  stm32f4xx_hal_adc.o(.text.HAL_ADC_Start_DMA)
    HAL_DMA_Abort                            0x08000d59   Thumb Code   142  stm32f4xx_hal_dma.o(.text.HAL_DMA_Abort)
    HAL_DMA_Abort_IT                         0x08000de9   Thumb Code    36  stm32f4xx_hal_dma.o(.text.HAL_DMA_Abort_IT)
    HAL_DMA_IRQHandler                       0x08000e0d   Thumb Code   448  stm32f4xx_hal_dma.o(.text.HAL_DMA_IRQHandler)
    HAL_DMA_Init                             0x08000fcd   Thumb Code   354  stm32f4xx_hal_dma.o(.text.HAL_DMA_Init)
    HAL_DMA_Start_IT                         0x08001131   Thumb Code   162  stm32f4xx_hal_dma.o(.text.HAL_DMA_Start_IT)
    HAL_Delay                                0x080011d5   Thumb Code    40  stm32f4xx_hal.o(.text.HAL_Delay)
    HAL_GPIO_EXTI_Callback                   0x080011fd   Thumb Code     2  stm32f4xx_hal_gpio.o(.text.HAL_GPIO_EXTI_Callback)
    HAL_GPIO_EXTI_IRQHandler                 0x08001201   Thumb Code    22  stm32f4xx_hal_gpio.o(.text.HAL_GPIO_EXTI_IRQHandler)
    HAL_GPIO_Init                            0x08001219   Thumb Code   410  stm32f4xx_hal_gpio.o(.text.HAL_GPIO_Init)
    HAL_GPIO_ReadPin                         0x080013b5   Thumb Code    10  stm32f4xx_hal_gpio.o(.text.HAL_GPIO_ReadPin)
    HAL_GPIO_WritePin                        0x080013c1   Thumb Code    10  stm32f4xx_hal_gpio.o(.text.HAL_GPIO_WritePin)
    HAL_GetTick                              0x080013cd   Thumb Code    12  stm32f4xx_hal.o(.text.HAL_GetTick)
    HAL_I2C_Init                             0x080013d9   Thumb Code   356  stm32f4xx_hal_i2c.o(.text.HAL_I2C_Init)
    HAL_I2C_Mem_Read                         0x0800153d   Thumb Code   874  stm32f4xx_hal_i2c.o(.text.HAL_I2C_Mem_Read)
    HAL_I2C_Mem_Write                        0x080018a9   Thumb Code   474  stm32f4xx_hal_i2c.o(.text.HAL_I2C_Mem_Write)
    HAL_I2C_MspInit                          0x08001a85   Thumb Code   106  i2c.o(.text.HAL_I2C_MspInit)
    HAL_IncTick                              0x08001af1   Thumb Code    26  stm32f4xx_hal.o(.text.HAL_IncTick)
    HAL_Init                                 0x08001b0d   Thumb Code    54  stm32f4xx_hal.o(.text.HAL_Init)
    HAL_InitTick                             0x08001b45   Thumb Code    72  stm32f4xx_hal.o(.text.HAL_InitTick)
    HAL_MspInit                              0x08001b8d   Thumb Code    60  stm32f4xx_hal_msp.o(.text.HAL_MspInit)
    HAL_NVIC_EnableIRQ                       0x08001bc9   Thumb Code    34  stm32f4xx_hal_cortex.o(.text.HAL_NVIC_EnableIRQ)
    HAL_NVIC_SetPriority                     0x08001bed   Thumb Code    86  stm32f4xx_hal_cortex.o(.text.HAL_NVIC_SetPriority)
    HAL_NVIC_SetPriorityGrouping             0x08001c45   Thumb Code    32  stm32f4xx_hal_cortex.o(.text.HAL_NVIC_SetPriorityGrouping)
    HAL_RCC_ClockConfig                      0x08001c65   Thumb Code   356  stm32f4xx_hal_rcc.o(.text.HAL_RCC_ClockConfig)
    HAL_RCC_GetPCLK1Freq                     0x08001dc9   Thumb Code    38  stm32f4xx_hal_rcc.o(.text.HAL_RCC_GetPCLK1Freq)
    HAL_RCC_GetPCLK2Freq                     0x08001df1   Thumb Code    38  stm32f4xx_hal_rcc.o(.text.HAL_RCC_GetPCLK2Freq)
    HAL_RCC_GetSysClockFreq                  0x08001e19   Thumb Code   108  stm32f4xx_hal_rcc.o(.text.HAL_RCC_GetSysClockFreq)
    HAL_RCC_OscConfig                        0x08001e85   Thumb Code   944  stm32f4xx_hal_rcc.o(.text.HAL_RCC_OscConfig)
    HAL_SPI_Init                             0x08002235   Thumb Code   180  stm32f4xx_hal_spi.o(.text.HAL_SPI_Init)
    HAL_SPI_MspInit                          0x080022e9   Thumb Code   194  spi.o(.text.HAL_SPI_MspInit)
    HAL_SPI_Receive                          0x080023ad   Thumb Code   490  stm32f4xx_hal_spi.o(.text.HAL_SPI_Receive)
    HAL_SPI_Transmit                         0x08002599   Thumb Code   590  stm32f4xx_hal_spi.o(.text.HAL_SPI_Transmit)
    HAL_SPI_TransmitReceive                  0x080027e9   Thumb Code   788  stm32f4xx_hal_spi.o(.text.HAL_SPI_TransmitReceive)
    HAL_SYSTICK_Config                       0x08002afd   Thumb Code    44  stm32f4xx_hal_cortex.o(.text.HAL_SYSTICK_Config)
    HAL_TIMEx_BreakCallback                  0x08002b29   Thumb Code     2  stm32f4xx_hal_tim_ex.o(.text.HAL_TIMEx_BreakCallback)
    HAL_TIMEx_CommutCallback                 0x08002b2d   Thumb Code     2  stm32f4xx_hal_tim_ex.o(.text.HAL_TIMEx_CommutCallback)
    HAL_TIMEx_MasterConfigSynchronization    0x08002b31   Thumb Code   186  stm32f4xx_hal_tim_ex.o(.text.HAL_TIMEx_MasterConfigSynchronization)
    HAL_TIM_Base_Init                        0x08002bed   Thumb Code    90  stm32f4xx_hal_tim.o(.text.HAL_TIM_Base_Init)
    HAL_TIM_Base_MspInit                     0x08002c49   Thumb Code   124  tim.o(.text.HAL_TIM_Base_MspInit)
    HAL_TIM_Base_Start_IT                    0x08002cc5   Thumb Code   170  stm32f4xx_hal_tim.o(.text.HAL_TIM_Base_Start_IT)
    HAL_TIM_ConfigClockSource                0x08002d71   Thumb Code   416  stm32f4xx_hal_tim.o(.text.HAL_TIM_ConfigClockSource)
    HAL_TIM_IC_CaptureCallback               0x08002f11   Thumb Code     2  stm32f4xx_hal_tim.o(.text.HAL_TIM_IC_CaptureCallback)
    HAL_TIM_IRQHandler                       0x08002f15   Thumb Code   368  stm32f4xx_hal_tim.o(.text.HAL_TIM_IRQHandler)
    HAL_TIM_OC_DelayElapsedCallback          0x08003085   Thumb Code     2  stm32f4xx_hal_tim.o(.text.HAL_TIM_OC_DelayElapsedCallback)
    HAL_TIM_PWM_ConfigChannel                0x08003089   Thumb Code   548  stm32f4xx_hal_tim.o(.text.HAL_TIM_PWM_ConfigChannel)
    HAL_TIM_PWM_Init                         0x080032ad   Thumb Code    90  stm32f4xx_hal_tim.o(.text.HAL_TIM_PWM_Init)
    HAL_TIM_PWM_MspInit                      0x08003309   Thumb Code    52  tim.o(.text.HAL_TIM_PWM_MspInit)
    HAL_TIM_PWM_PulseFinishedCallback        0x0800333d   Thumb Code     2  stm32f4xx_hal_tim.o(.text.HAL_TIM_PWM_PulseFinishedCallback)
    HAL_TIM_PWM_Start                        0x08003341   Thumb Code   286  stm32f4xx_hal_tim.o(.text.HAL_TIM_PWM_Start)
    HAL_TIM_PeriodElapsedCallback            0x08003461   Thumb Code    30  motor.o(.text.HAL_TIM_PeriodElapsedCallback)
    HAL_TIM_TriggerCallback                  0x08003481   Thumb Code     2  stm32f4xx_hal_tim.o(.text.HAL_TIM_TriggerCallback)
    HAL_UARTEx_RxEventCallback               0x08003485   Thumb Code     2  stm32f4xx_hal_uart.o(.text.HAL_UARTEx_RxEventCallback)
    HAL_UART_ErrorCallback                   0x08003489   Thumb Code     2  stm32f4xx_hal_uart.o(.text.HAL_UART_ErrorCallback)
    HAL_UART_IRQHandler                      0x0800348d   Thumb Code  1372  stm32f4xx_hal_uart.o(.text.HAL_UART_IRQHandler)
    HAL_UART_Init                            0x080039e9   Thumb Code    94  stm32f4xx_hal_uart.o(.text.HAL_UART_Init)
    HAL_UART_MspInit                         0x08003a49   Thumb Code   402  usart.o(.text.HAL_UART_MspInit)
    HAL_UART_Receive_DMA                     0x08003bdd   Thumb Code   368  stm32f4xx_hal_uart.o(.text.HAL_UART_Receive_DMA)
    HAL_UART_RxCpltCallback                  0x08003d4d   Thumb Code     2  pmw3901.o(.text.HAL_UART_RxCpltCallback)
    HAL_UART_RxHalfCpltCallback              0x08003d51   Thumb Code     2  stm32f4xx_hal_uart.o(.text.HAL_UART_RxHalfCpltCallback)
    HAL_UART_TxCpltCallback                  0x08003d55   Thumb Code     2  stm32f4xx_hal_uart.o(.text.HAL_UART_TxCpltCallback)
    HardFault_Handler                        0x08003d59   Thumb Code     2  stm32f4xx_it.o(.text.HardFault_Handler)
    MPU6050_Get_Gyroscope                    0x08004595   Thumb Code    90  mpu6050.o(.text.MPU6050_Get_Gyroscope)
    MPU6050_Init                             0x080045f1   Thumb Code   456  mpu6050.o(.text.MPU6050_Init)
    MX_ADC1_Init                             0x080047e9   Thumb Code   110  adc.o(.text.MX_ADC1_Init)
    MX_DMA_Init                              0x08004859   Thumb Code    56  dma.o(.text.MX_DMA_Init)
    MX_GPIO_Init                             0x08004891   Thumb Code   332  gpio.o(.text.MX_GPIO_Init)
    MX_I2C1_Init                             0x080049dd   Thumb Code    66  i2c.o(.text.MX_I2C1_Init)
    MX_SPI1_Init                             0x08004a21   Thumb Code    70  spi.o(.text.MX_SPI1_Init)
    MX_SPI2_Init                             0x08004a69   Thumb Code    76  spi.o(.text.MX_SPI2_Init)
    MX_TIM2_Init                             0x08004ab5   Thumb Code   116  tim.o(.text.MX_TIM2_Init)
    MX_TIM3_Init                             0x08004b29   Thumb Code   120  tim.o(.text.MX_TIM3_Init)
    MX_TIM4_Init                             0x08004ba1   Thumb Code   268  tim.o(.text.MX_TIM4_Init)
    MX_USART1_UART_Init                      0x08004cad   Thumb Code    60  usart.o(.text.MX_USART1_UART_Init)
    MX_USART2_UART_Init                      0x08004ce9   Thumb Code    60  usart.o(.text.MX_USART2_UART_Init)
    MX_USART3_UART_Init                      0x08004d25   Thumb Code    60  usart.o(.text.MX_USART3_UART_Init)
    MemManage_Handler                        0x08004d61   Thumb Code     2  stm32f4xx_it.o(.text.MemManage_Handler)
    NMI_Handler                              0x08004d65   Thumb Code     2  stm32f4xx_it.o(.text.NMI_Handler)
    NRF24L01_Check                           0x08004d69   Thumb Code   438  nrf24l01.o(.text.NRF24L01_Check)
    NRF24L01_TX_Mode                         0x08004f21   Thumb Code  1114  nrf24l01.o(.text.NRF24L01_TX_Mode)
    NRF24L01_TxPacket                        0x0800537d   Thumb Code   462  nrf24l01.o(.text.NRF24L01_TxPacket)
    PendSV_Handler                           0x0800554d   Thumb Code     2  stm32f4xx_it.o(.text.PendSV_Handler)
    SVC_Handler                              0x08005635   Thumb Code     2  stm32f4xx_it.o(.text.SVC_Handler)
    SysTick_Handler                          0x08005639   Thumb Code     4  stm32f4xx_it.o(.text.SysTick_Handler)
    SystemClock_Config                       0x0800563d   Thumb Code   176  main.o(.text.SystemClock_Config)
    SystemInit                               0x080056ed   Thumb Code    18  system_stm32f4xx.o(.text.SystemInit)
    TIM2_IRQHandler                          0x08005701   Thumb Code    12  stm32f4xx_it.o(.text.TIM2_IRQHandler)
    TIM3_IRQHandler                          0x0800570d   Thumb Code    12  stm32f4xx_it.o(.text.TIM3_IRQHandler)
    TIM_Base_SetConfig                       0x08005719   Thumb Code   316  stm32f4xx_hal_tim.o(.text.TIM_Base_SetConfig)
    USART1_IRQHandler                        0x08005d3d   Thumb Code    12  stm32f4xx_it.o(.text.USART1_IRQHandler)
    USART3_IRQHandler                        0x08005d49   Thumb Code    12  stm32f4xx_it.o(.text.USART3_IRQHandler)
    UsageFault_Handler                       0x08005d55   Thumb Code     2  stm32f4xx_it.o(.text.UsageFault_Handler)
    W25Q64_cs_out                            0x08005d59   Thumb Code    14  w25q64jvssiq.o(.text.W25Q64_cs_out)
    battery_init                             0x08005d69   Thumb Code    56  battery.o(.text.battery_init)
    get_val                                  0x08005da1   Thumb Code    12  battery.o(.text.get_val)
    imu_rest                                 0x08005dad   Thumb Code    38  attitude_solution.o(.text.imu_rest)
    main                                     0x08005dd9   Thumb Code   496  main.o(.text.main)
    mpu6050_delay_ms                         0x08006045   Thumb Code     4  mpu6050.o(.text.mpu6050_delay_ms)
    mpu6050_r_len                            0x08006049   Thumb Code    40  mpu6050.o(.text.mpu6050_r_len)
    mpu6050_w_len                            0x08006071   Thumb Code    40  mpu6050.o(.text.mpu6050_w_len)
    nrf2401_init                             0x08006099   Thumb Code    60  nrf24l01.o(.text.nrf2401_init)
    pmw3901_init                             0x080060e5   Thumb Code    22  pmw3901.o(.text.pmw3901_init)
    w25_Init                                 0x080060fd   Thumb Code    22  w25q64jvssiq.o(.text.w25_Init)
    w25_spi_read                             0x08006115   Thumb Code    28  w25q64jvssiq.o(.text.w25_spi_read)
    w25_spi_witre                            0x08006131   Thumb Code    34  w25q64jvssiq.o(.text.w25_spi_witre)
    wireless_printf_battery                  0x08006155   Thumb Code    82  battery.o(.text.wireless_printf_battery)
    __0vsnprintf                             0x080061a9   Thumb Code    46  printfa.o(i.__0vsnprintf)
    __1vsnprintf                             0x080061a9   Thumb Code     0  printfa.o(i.__0vsnprintf)
    __2vsnprintf                             0x080061a9   Thumb Code     0  printfa.o(i.__0vsnprintf)
    __c89vsnprintf                           0x080061a9   Thumb Code     0  printfa.o(i.__0vsnprintf)
    vsnprintf                                0x080061a9   Thumb Code     0  printfa.o(i.__0vsnprintf)
    __scatterload_copy                       0x080061dd   Thumb Code    14  handlers.o(i.__scatterload_copy)
    __scatterload_null                       0x080061eb   Thumb Code     2  handlers.o(i.__scatterload_null)
    __scatterload_zeroinit                   0x080061ed   Thumb Code    14  handlers.o(i.__scatterload_zeroinit)
    AHBPrescTable                            0x08006ac4   Data          16  system_stm32f4xx.o(.rodata.AHBPrescTable)
    APBPrescTable                            0x08006ad4   Data           8  system_stm32f4xx.o(.rodata.APBPrescTable)
    Region$$Table$$Base                      0x08006b04   Number         0  anon$$obj.o(Region$$Table)
    Region$$Table$$Limit                     0x08006b24   Number         0  anon$$obj.o(Region$$Table)
    uwTickFreq                               0x20000000   Data           1  stm32f4xx_hal.o(.data..L_MergedGlobals)
    uwTickPrio                               0x20000004   Data           4  stm32f4xx_hal.o(.data..L_MergedGlobals)
    NumQ                                     0x20000008   Data          16  attitude_solution.o(.data.NumQ)
    SystemCoreClock                          0x20000018   Data           4  system_stm32f4xx.o(.data.SystemCoreClock)
    ADC_Value                                0x20000020   Data           4  battery.o(.bss.ADC_Value)
    GyroIntegError                           0x20000024   Data          12  attitude_solution.o(.bss.GyroIntegError)
    hadc1                                    0x20000034   Data          72  adc.o(.bss.hadc1)
    hdma_adc1                                0x2000007c   Data          96  adc.o(.bss.hdma_adc1)
    hdma_usart3_rx                           0x200000dc   Data          96  usart.o(.bss.hdma_usart3_rx)
    hi2c1                                    0x2000013c   Data          84  i2c.o(.bss.hi2c1)
    hspi1                                    0x20000190   Data          88  spi.o(.bss.hspi1)
    hspi2                                    0x200001e8   Data          88  spi.o(.bss.hspi2)
    htim2                                    0x20000240   Data          72  tim.o(.bss.htim2)
    htim3                                    0x20000288   Data          72  tim.o(.bss.htim3)
    htim4                                    0x200002d0   Data          72  tim.o(.bss.htim4)
    huart1                                   0x20000318   Data          68  usart.o(.bss.huart1)
    huart2                                   0x2000035c   Data          68  usart.o(.bss.huart2)
    huart3                                   0x200003a0   Data          68  usart.o(.bss.huart3)
    mpu6050                                  0x200003e4   Data          12  mpu6050.o(.bss.mpu6050)
    uart3_rx_buff                            0x200003f0   Data          11  pmw3901.o(.bss.uart3_rx_buff)
    uwTick                                   0x200003fc   Data           4  stm32f4xx_hal.o(.bss.uwTick)
    w25_1                                    0x20000400   Data          16  w25q64jvssiq.o(.bss.w25_1)
    __initial_sp                             0x20000810   Data           0  startup_stm32f407xx.o(STACK)



==============================================================================

Memory Map of the image

  Image Entry point : 0x08000189

  Load Region LR_IROM1 (Base: 0x08000000, Size: 0x00006b48, Max: 0x00080000, ABSOLUTE)

    Execution Region ER_IROM1 (Exec base: 0x08000000, Load base: 0x08000000, Size: 0x00006b24, Max: 0x00080000, ABSOLUTE)

    Exec Addr    Load Addr    Size         Type   Attr      Idx    E Section Name        Object

    0x08000000   0x08000000   0x00000188   Data   RO            3    RESET               startup_stm32f407xx.o
    0x08000188   0x08000188   0x00000000   Code   RO         1831  * .ARM.Collect$$$$00000000  mc_w.l(entry.o)
    0x08000188   0x08000188   0x00000004   Code   RO         2201    .ARM.Collect$$$$00000001  mc_w.l(entry2.o)
    0x0800018c   0x0800018c   0x00000004   Code   RO         2204    .ARM.Collect$$$$00000004  mc_w.l(entry5.o)
    0x08000190   0x08000190   0x00000000   Code   RO         2206    .ARM.Collect$$$$00000008  mc_w.l(entry7b.o)
    0x08000190   0x08000190   0x00000000   Code   RO         2208    .ARM.Collect$$$$0000000A  mc_w.l(entry8b.o)
    0x08000190   0x08000190   0x00000008   Code   RO         2209    .ARM.Collect$$$$0000000B  mc_w.l(entry9a.o)
    0x08000198   0x08000198   0x00000000   Code   RO         2211    .ARM.Collect$$$$0000000D  mc_w.l(entry10a.o)
    0x08000198   0x08000198   0x00000000   Code   RO         2213    .ARM.Collect$$$$0000000F  mc_w.l(entry11a.o)
    0x08000198   0x08000198   0x00000004   Code   RO         2202    .ARM.Collect$$$$00002712  mc_w.l(entry2.o)
    0x0800019c   0x0800019c   0x00000024   Code   RO            4    .text               startup_stm32f407xx.o
    0x080001c0   0x080001c0   0x00000062   Code   RO         1840    .text               mc_w.l(uldiv.o)
    0x08000222   0x08000222   0x0000000e   Code   RO         1848    .text               mc_w.l(strlen.o)
    0x08000230   0x08000230   0x0000014e   Code   RO         2145    .text               mf_w.l(dadd.o)
    0x0800037e   0x0800037e   0x000000e4   Code   RO         2147    .text               mf_w.l(dmul.o)
    0x08000462   0x08000462   0x000000de   Code   RO         2149    .text               mf_w.l(ddiv.o)
    0x08000540   0x08000540   0x0000001a   Code   RO         2153    .text               mf_w.l(dfltui.o)
    0x0800055a   0x0800055a   0x00000026   Code   RO         2157    .text               mf_w.l(f2d.o)
    0x08000580   0x08000580   0x0000002c   Code   RO         2225    .text               mc_w.l(uidiv.o)
    0x080005ac   0x080005ac   0x0000001e   Code   RO         2227    .text               mc_w.l(llshl.o)
    0x080005ca   0x080005ca   0x00000020   Code   RO         2229    .text               mc_w.l(llushr.o)
    0x080005ea   0x080005ea   0x00000024   Code   RO         2231    .text               mc_w.l(llsshr.o)
    0x0800060e   0x0800060e   0x00000000   Code   RO         2242    .text               mc_w.l(iusefp.o)
    0x0800060e   0x0800060e   0x000000ba   Code   RO         2245    .text               mf_w.l(depilogue.o)
    0x080006c8   0x080006c8   0x00000030   Code   RO         2251    .text               mf_w.l(dfixul.o)
    0x080006f8   0x080006f8   0x00000030   Code   RO         2255    .text               mf_w.l(cdrcmple.o)
    0x08000728   0x08000728   0x00000030   Code   RO         2257    .text               mc_w.l(init.o)
    0x08000758   0x08000758   0x0000006e   Code   RO          222    .text.ADC_DMAConvCplt  stm32f4xx_hal_adc.o
    0x080007c6   0x080007c6   0x00000002   PAD
    0x080007c8   0x080007c8   0x00000012   Code   RO          226    .text.ADC_DMAError  stm32f4xx_hal_adc.o
    0x080007da   0x080007da   0x00000002   PAD
    0x080007dc   0x080007dc   0x00000006   Code   RO          224    .text.ADC_DMAHalfConvCplt  stm32f4xx_hal_adc.o
    0x080007e2   0x080007e2   0x00000002   PAD
    0x080007e4   0x080007e4   0x00000002   Code   RO          153    .text.BusFault_Handler  stm32f4xx_it.o
    0x080007e6   0x080007e6   0x00000002   PAD
    0x080007e8   0x080007e8   0x0000000c   Code   RO          165    .text.DMA1_Stream1_IRQHandler  stm32f4xx_it.o
    0x080007f4   0x080007f4   0x00000002   Code   RO          159    .text.DebugMon_Handler  stm32f4xx_it.o
    0x080007f6   0x080007f6   0x00000002   PAD
    0x080007f8   0x080007f8   0x00000008   Code   RO          167    .text.EXTI9_5_IRQHandler  stm32f4xx_it.o
    0x08000800   0x08000800   0x0000000a   Code   RO           19    .text.Error_Handler  main.o
    0x0800080a   0x0800080a   0x00000002   PAD
    0x0800080c   0x0800080c   0x00000042   Code   RO         1512    .text.FALSH_Read_id  w25q64jvssiq.o
    0x0800084e   0x0800084e   0x00000002   PAD
    0x08000850   0x08000850   0x00000146   Code   RO          234    .text.HAL_ADC_ConfigChannel  stm32f4xx_hal_adc.o
    0x08000996   0x08000996   0x00000002   PAD
    0x08000998   0x08000998   0x00000002   Code   RO          214    .text.HAL_ADC_ConvCpltCallback  stm32f4xx_hal_adc.o
    0x0800099a   0x0800099a   0x00000002   PAD
    0x0800099c   0x0800099c   0x00000002   Code   RO          232    .text.HAL_ADC_ConvHalfCpltCallback  stm32f4xx_hal_adc.o
    0x0800099e   0x0800099e   0x00000002   PAD
    0x080009a0   0x080009a0   0x00000002   Code   RO          218    .text.HAL_ADC_ErrorCallback  stm32f4xx_hal_adc.o
    0x080009a2   0x080009a2   0x00000002   PAD
    0x080009a4   0x080009a4   0x0000015e   Code   RO          192    .text.HAL_ADC_Init  stm32f4xx_hal_adc.o
    0x08000b02   0x08000b02   0x00000002   PAD
    0x08000b04   0x08000b04   0x000000b2   Code   RO           43    .text.HAL_ADC_MspInit  adc.o
    0x08000bb6   0x08000bb6   0x00000002   PAD
    0x08000bb8   0x08000bb8   0x000001a0   Code   RO          220    .text.HAL_ADC_Start_DMA  stm32f4xx_hal_adc.o
    0x08000d58   0x08000d58   0x0000008e   Code   RO          445    .text.HAL_DMA_Abort  stm32f4xx_hal_dma.o
    0x08000de6   0x08000de6   0x00000002   PAD
    0x08000de8   0x08000de8   0x00000024   Code   RO          447    .text.HAL_DMA_Abort_IT  stm32f4xx_hal_dma.o
    0x08000e0c   0x08000e0c   0x000001c0   Code   RO          451    .text.HAL_DMA_IRQHandler  stm32f4xx_hal_dma.o
    0x08000fcc   0x08000fcc   0x00000162   Code   RO          437    .text.HAL_DMA_Init  stm32f4xx_hal_dma.o
    0x0800112e   0x0800112e   0x00000002   PAD
    0x08001130   0x08001130   0x000000a2   Code   RO          443    .text.HAL_DMA_Start_IT  stm32f4xx_hal_dma.o
    0x080011d2   0x080011d2   0x00000002   PAD
    0x080011d4   0x080011d4   0x00000028   Code   RO          598    .text.HAL_Delay     stm32f4xx_hal.o
    0x080011fc   0x080011fc   0x00000002   Code   RO          413    .text.HAL_GPIO_EXTI_Callback  stm32f4xx_hal_gpio.o
    0x080011fe   0x080011fe   0x00000002   PAD
    0x08001200   0x08001200   0x00000016   Code   RO          411    .text.HAL_GPIO_EXTI_IRQHandler  stm32f4xx_hal_gpio.o
    0x08001216   0x08001216   0x00000002   PAD
    0x08001218   0x08001218   0x0000019a   Code   RO          399    .text.HAL_GPIO_Init  stm32f4xx_hal_gpio.o
    0x080013b2   0x080013b2   0x00000002   PAD
    0x080013b4   0x080013b4   0x0000000a   Code   RO          403    .text.HAL_GPIO_ReadPin  stm32f4xx_hal_gpio.o
    0x080013be   0x080013be   0x00000002   PAD
    0x080013c0   0x080013c0   0x0000000a   Code   RO          405    .text.HAL_GPIO_WritePin  stm32f4xx_hal_gpio.o
    0x080013ca   0x080013ca   0x00000002   PAD
    0x080013cc   0x080013cc   0x0000000c   Code   RO          590    .text.HAL_GetTick   stm32f4xx_hal.o
    0x080013d8   0x080013d8   0x00000164   Code   RO          668    .text.HAL_I2C_Init  stm32f4xx_hal_i2c.o
    0x0800153c   0x0800153c   0x0000036a   Code   RO          712    .text.HAL_I2C_Mem_Read  stm32f4xx_hal_i2c.o
    0x080018a6   0x080018a6   0x00000002   PAD
    0x080018a8   0x080018a8   0x000001da   Code   RO          708    .text.HAL_I2C_Mem_Write  stm32f4xx_hal_i2c.o
    0x08001a82   0x08001a82   0x00000002   PAD
    0x08001a84   0x08001a84   0x0000006a   Code   RO           67    .text.HAL_I2C_MspInit  i2c.o
    0x08001aee   0x08001aee   0x00000002   PAD
    0x08001af0   0x08001af0   0x0000001a   Code   RO          588    .text.HAL_IncTick   stm32f4xx_hal.o
    0x08001b0a   0x08001b0a   0x00000002   PAD
    0x08001b0c   0x08001b0c   0x00000036   Code   RO          578    .text.HAL_Init      stm32f4xx_hal.o
    0x08001b42   0x08001b42   0x00000002   PAD
    0x08001b44   0x08001b44   0x00000048   Code   RO          580    .text.HAL_InitTick  stm32f4xx_hal.o
    0x08001b8c   0x08001b8c   0x0000003c   Code   RO          184    .text.HAL_MspInit   stm32f4xx_hal_msp.o
    0x08001bc8   0x08001bc8   0x00000022   Code   RO          536    .text.HAL_NVIC_EnableIRQ  stm32f4xx_hal_cortex.o
    0x08001bea   0x08001bea   0x00000002   PAD
    0x08001bec   0x08001bec   0x00000056   Code   RO          534    .text.HAL_NVIC_SetPriority  stm32f4xx_hal_cortex.o
    0x08001c42   0x08001c42   0x00000002   PAD
    0x08001c44   0x08001c44   0x00000020   Code   RO          532    .text.HAL_NVIC_SetPriorityGrouping  stm32f4xx_hal_cortex.o
    0x08001c64   0x08001c64   0x00000164   Code   RO          293    .text.HAL_RCC_ClockConfig  stm32f4xx_hal_rcc.o
    0x08001dc8   0x08001dc8   0x00000026   Code   RO          305    .text.HAL_RCC_GetPCLK1Freq  stm32f4xx_hal_rcc.o
    0x08001dee   0x08001dee   0x00000002   PAD
    0x08001df0   0x08001df0   0x00000026   Code   RO          307    .text.HAL_RCC_GetPCLK2Freq  stm32f4xx_hal_rcc.o
    0x08001e16   0x08001e16   0x00000002   PAD
    0x08001e18   0x08001e18   0x0000006c   Code   RO          295    .text.HAL_RCC_GetSysClockFreq  stm32f4xx_hal_rcc.o
    0x08001e84   0x08001e84   0x000003b0   Code   RO          291    .text.HAL_RCC_OscConfig  stm32f4xx_hal_rcc.o
    0x08002234   0x08002234   0x000000b4   Code   RO          803    .text.HAL_SPI_Init  stm32f4xx_hal_spi.o
    0x080022e8   0x080022e8   0x000000c2   Code   RO           84    .text.HAL_SPI_MspInit  spi.o
    0x080023aa   0x080023aa   0x00000002   PAD
    0x080023ac   0x080023ac   0x000001ea   Code   RO          813    .text.HAL_SPI_Receive  stm32f4xx_hal_spi.o
    0x08002596   0x08002596   0x00000002   PAD
    0x08002598   0x08002598   0x0000024e   Code   RO          811    .text.HAL_SPI_Transmit  stm32f4xx_hal_spi.o
    0x080027e6   0x080027e6   0x00000002   PAD
    0x080027e8   0x080027e8   0x00000314   Code   RO          815    .text.HAL_SPI_TransmitReceive  stm32f4xx_hal_spi.o
    0x08002afc   0x08002afc   0x0000002c   Code   RO          544    .text.HAL_SYSTICK_Config  stm32f4xx_hal_cortex.o
    0x08002b28   0x08002b28   0x00000002   Code   RO         1222    .text.HAL_TIMEx_BreakCallback  stm32f4xx_hal_tim_ex.o
    0x08002b2a   0x08002b2a   0x00000002   PAD
    0x08002b2c   0x08002b2c   0x00000002   Code   RO         1218    .text.HAL_TIMEx_CommutCallback  stm32f4xx_hal_tim_ex.o
    0x08002b2e   0x08002b2e   0x00000002   PAD
    0x08002b30   0x08002b30   0x000000ba   Code   RO         1212    .text.HAL_TIMEx_MasterConfigSynchronization  stm32f4xx_hal_tim_ex.o
    0x08002bea   0x08002bea   0x00000002   PAD
    0x08002bec   0x08002bec   0x0000005a   Code   RO          917    .text.HAL_TIM_Base_Init  stm32f4xx_hal_tim.o
    0x08002c46   0x08002c46   0x00000002   PAD
    0x08002c48   0x08002c48   0x0000007c   Code   RO          106    .text.HAL_TIM_Base_MspInit  tim.o
    0x08002cc4   0x08002cc4   0x000000aa   Code   RO          931    .text.HAL_TIM_Base_Start_IT  stm32f4xx_hal_tim.o
    0x08002d6e   0x08002d6e   0x00000002   PAD
    0x08002d70   0x08002d70   0x000001a0   Code   RO         1097    .text.HAL_TIM_ConfigClockSource  stm32f4xx_hal_tim.o
    0x08002f10   0x08002f10   0x00000002   Code   RO         1053    .text.HAL_TIM_IC_CaptureCallback  stm32f4xx_hal_tim.o
    0x08002f12   0x08002f12   0x00000002   PAD
    0x08002f14   0x08002f14   0x00000170   Code   RO         1051    .text.HAL_TIM_IRQHandler  stm32f4xx_hal_tim.o
    0x08003084   0x08003084   0x00000002   Code   RO         1055    .text.HAL_TIM_OC_DelayElapsedCallback  stm32f4xx_hal_tim.o
    0x08003086   0x08003086   0x00000002   PAD
    0x08003088   0x08003088   0x00000224   Code   RO         1071    .text.HAL_TIM_PWM_ConfigChannel  stm32f4xx_hal_tim.o
    0x080032ac   0x080032ac   0x0000005a   Code   RO          971    .text.HAL_TIM_PWM_Init  stm32f4xx_hal_tim.o
    0x08003306   0x08003306   0x00000002   PAD
    0x08003308   0x08003308   0x00000034   Code   RO          108    .text.HAL_TIM_PWM_MspInit  tim.o
    0x0800333c   0x0800333c   0x00000002   Code   RO         1057    .text.HAL_TIM_PWM_PulseFinishedCallback  stm32f4xx_hal_tim.o
    0x0800333e   0x0800333e   0x00000002   PAD
    0x08003340   0x08003340   0x0000011e   Code   RO          979    .text.HAL_TIM_PWM_Start  stm32f4xx_hal_tim.o
    0x0800345e   0x0800345e   0x00000002   PAD
    0x08003460   0x08003460   0x0000001e   Code   RO         1415    .text.HAL_TIM_PeriodElapsedCallback  motor.o
    0x0800347e   0x0800347e   0x00000002   PAD
    0x08003480   0x08003480   0x00000002   Code   RO         1061    .text.HAL_TIM_TriggerCallback  stm32f4xx_hal_tim.o
    0x08003482   0x08003482   0x00000002   PAD
    0x08003484   0x08003484   0x00000002   Code   RO         1320    .text.HAL_UARTEx_RxEventCallback  stm32f4xx_hal_uart.o
    0x08003486   0x08003486   0x00000002   PAD
    0x08003488   0x08003488   0x00000002   Code   RO         1318    .text.HAL_UART_ErrorCallback  stm32f4xx_hal_uart.o
    0x0800348a   0x0800348a   0x00000002   PAD
    0x0800348c   0x0800348c   0x0000055c   Code   RO         1312    .text.HAL_UART_IRQHandler  stm32f4xx_hal_uart.o
    0x080039e8   0x080039e8   0x0000005e   Code   RO         1236    .text.HAL_UART_Init  stm32f4xx_hal_uart.o
    0x08003a46   0x08003a46   0x00000002   PAD
    0x08003a48   0x08003a48   0x00000192   Code   RO          131    .text.HAL_UART_MspInit  usart.o
    0x08003bda   0x08003bda   0x00000002   PAD
    0x08003bdc   0x08003bdc   0x00000170   Code   RO         1270    .text.HAL_UART_Receive_DMA  stm32f4xx_hal_uart.o
    0x08003d4c   0x08003d4c   0x00000002   Code   RO         1477    .text.HAL_UART_RxCpltCallback  pmw3901.o
    0x08003d4e   0x08003d4e   0x00000002   PAD
    0x08003d50   0x08003d50   0x00000002   Code   RO         1328    .text.HAL_UART_RxHalfCpltCallback  stm32f4xx_hal_uart.o
    0x08003d52   0x08003d52   0x00000002   PAD
    0x08003d54   0x08003d54   0x00000002   Code   RO         1322    .text.HAL_UART_TxCpltCallback  stm32f4xx_hal_uart.o
    0x08003d56   0x08003d56   0x00000002   PAD
    0x08003d58   0x08003d58   0x00000002   Code   RO          149    .text.HardFault_Handler  stm32f4xx_it.o
    0x08003d5a   0x08003d5a   0x00000002   PAD
    0x08003d5c   0x08003d5c   0x0000031a   Code   RO          714    .text.I2C_RequestMemoryRead  stm32f4xx_hal_i2c.o
    0x08004076   0x08004076   0x00000002   PAD
    0x08004078   0x08004078   0x00000272   Code   RO          710    .text.I2C_RequestMemoryWrite  stm32f4xx_hal_i2c.o
    0x080042ea   0x080042ea   0x00000002   PAD
    0x080042ec   0x080042ec   0x000000a8   Code   RO          680    .text.I2C_WaitOnBTFFlagUntilTimeout  stm32f4xx_hal_i2c.o
    0x08004394   0x08004394   0x00000148   Code   RO          678    .text.I2C_WaitOnFlagUntilTimeout  stm32f4xx_hal_i2c.o
    0x080044dc   0x080044dc   0x000000b8   Code   RO          792    .text.I2C_WaitOnMasterAddressFlagUntilTimeout  stm32f4xx_hal_i2c.o
    0x08004594   0x08004594   0x0000005a   Code   RO         1549    .text.MPU6050_Get_Gyroscope  mpu6050.o
    0x080045ee   0x080045ee   0x00000002   PAD
    0x080045f0   0x080045f0   0x000001f8   Code   RO         1533    .text.MPU6050_Init  mpu6050.o
    0x080047e8   0x080047e8   0x0000006e   Code   RO           41    .text.MX_ADC1_Init  adc.o
    0x08004856   0x08004856   0x00000002   PAD
    0x08004858   0x08004858   0x00000038   Code   RO           57    .text.MX_DMA_Init   dma.o
    0x08004890   0x08004890   0x0000014c   Code   RO           31    .text.MX_GPIO_Init  gpio.o
    0x080049dc   0x080049dc   0x00000042   Code   RO           65    .text.MX_I2C1_Init  i2c.o
    0x08004a1e   0x08004a1e   0x00000002   PAD
    0x08004a20   0x08004a20   0x00000046   Code   RO           80    .text.MX_SPI1_Init  spi.o
    0x08004a66   0x08004a66   0x00000002   PAD
    0x08004a68   0x08004a68   0x0000004c   Code   RO           82    .text.MX_SPI2_Init  spi.o
    0x08004ab4   0x08004ab4   0x00000074   Code   RO           98    .text.MX_TIM2_Init  tim.o
    0x08004b28   0x08004b28   0x00000078   Code   RO          100    .text.MX_TIM3_Init  tim.o
    0x08004ba0   0x08004ba0   0x0000010c   Code   RO          102    .text.MX_TIM4_Init  tim.o
    0x08004cac   0x08004cac   0x0000003c   Code   RO          125    .text.MX_USART1_UART_Init  usart.o
    0x08004ce8   0x08004ce8   0x0000003c   Code   RO          127    .text.MX_USART2_UART_Init  usart.o
    0x08004d24   0x08004d24   0x0000003c   Code   RO          129    .text.MX_USART3_UART_Init  usart.o
    0x08004d60   0x08004d60   0x00000002   Code   RO          151    .text.MemManage_Handler  stm32f4xx_it.o
    0x08004d62   0x08004d62   0x00000002   PAD
    0x08004d64   0x08004d64   0x00000002   Code   RO          147    .text.NMI_Handler   stm32f4xx_it.o
    0x08004d66   0x08004d66   0x00000002   PAD
    0x08004d68   0x08004d68   0x000001b6   Code   RO         1439    .text.NRF24L01_Check  nrf24l01.o
    0x08004f1e   0x08004f1e   0x00000002   PAD
    0x08004f20   0x08004f20   0x0000045a   Code   RO         1441    .text.NRF24L01_TX_Mode  nrf24l01.o
    0x0800537a   0x0800537a   0x00000002   PAD
    0x0800537c   0x0800537c   0x000001ce   Code   RO         1453    .text.NRF24L01_TxPacket  nrf24l01.o
    0x0800554a   0x0800554a   0x00000002   PAD
    0x0800554c   0x0800554c   0x00000002   Code   RO          161    .text.PendSV_Handler  stm32f4xx_it.o
    0x0800554e   0x0800554e   0x00000002   PAD
    0x08005550   0x08005550   0x000000e4   Code   RO          907    .text.SPI_WaitFlagStateUntilTimeout  stm32f4xx_hal_spi.o
    0x08005634   0x08005634   0x00000002   Code   RO          157    .text.SVC_Handler   stm32f4xx_it.o
    0x08005636   0x08005636   0x00000002   PAD
    0x08005638   0x08005638   0x00000004   Code   RO          163    .text.SysTick_Handler  stm32f4xx_it.o
    0x0800563c   0x0800563c   0x000000b0   Code   RO           17    .text.SystemClock_Config  main.o
    0x080056ec   0x080056ec   0x00000012   Code   RO         1356    .text.SystemInit    system_stm32f4xx.o
    0x080056fe   0x080056fe   0x00000002   PAD
    0x08005700   0x08005700   0x0000000c   Code   RO          169    .text.TIM2_IRQHandler  stm32f4xx_it.o
    0x0800570c   0x0800570c   0x0000000c   Code   RO          171    .text.TIM3_IRQHandler  stm32f4xx_it.o
    0x08005718   0x08005718   0x0000013c   Code   RO          921    .text.TIM_Base_SetConfig  stm32f4xx_hal_tim.o
    0x08005854   0x08005854   0x0000000c   Code   RO         1316    .text.UART_DMAAbortOnError  stm32f4xx_hal_uart.o
    0x08005860   0x08005860   0x0000017c   Code   RO         1268    .text.UART_DMAError  stm32f4xx_hal_uart.o
    0x080059dc   0x080059dc   0x0000015a   Code   RO         1344    .text.UART_DMAReceiveCplt  stm32f4xx_hal_uart.o
    0x08005b36   0x08005b36   0x00000002   PAD
    0x08005b38   0x08005b38   0x00000014   Code   RO         1346    .text.UART_DMARxHalfCplt  stm32f4xx_hal_uart.o
    0x08005b4c   0x08005b4c   0x000000fe   Code   RO         1314    .text.UART_Receive_IT  stm32f4xx_hal_uart.o
    0x08005c4a   0x08005c4a   0x00000002   PAD
    0x08005c4c   0x08005c4c   0x000000ee   Code   RO         1240    .text.UART_SetConfig  stm32f4xx_hal_uart.o
    0x08005d3a   0x08005d3a   0x00000002   PAD
    0x08005d3c   0x08005d3c   0x0000000c   Code   RO          173    .text.USART1_IRQHandler  stm32f4xx_it.o
    0x08005d48   0x08005d48   0x0000000c   Code   RO          175    .text.USART3_IRQHandler  stm32f4xx_it.o
    0x08005d54   0x08005d54   0x00000002   Code   RO          155    .text.UsageFault_Handler  stm32f4xx_it.o
    0x08005d56   0x08005d56   0x00000002   PAD
    0x08005d58   0x08005d58   0x0000000e   Code   RO         1492    .text.W25Q64_cs_out  w25q64jvssiq.o
    0x08005d66   0x08005d66   0x00000002   PAD
    0x08005d68   0x08005d68   0x00000038   Code   RO         1570    .text.battery_init  battery.o
    0x08005da0   0x08005da0   0x0000000c   Code   RO         1572    .text.get_val       battery.o
    0x08005dac   0x08005dac   0x00000026   Code   RO         1788    .text.imu_rest      attitude_solution.o
    0x08005dd2   0x08005dd2   0x00000006   PAD
    0x08005dd8   0x08005dd8   0x0000026c   Code   RO           15    .text.main          main.o
    0x08006044   0x08006044   0x00000004   Code   RO         1529    .text.mpu6050_delay_ms  mpu6050.o
    0x08006048   0x08006048   0x00000028   Code   RO         1525    .text.mpu6050_r_len  mpu6050.o
    0x08006070   0x08006070   0x00000028   Code   RO         1523    .text.mpu6050_w_len  mpu6050.o
    0x08006098   0x08006098   0x0000004c   Code   RO         1437    .text.nrf2401_init  nrf24l01.o
    0x080060e4   0x080060e4   0x00000016   Code   RO         1469    .text.pmw3901_init  pmw3901.o
    0x080060fa   0x080060fa   0x00000002   PAD
    0x080060fc   0x080060fc   0x00000016   Code   RO         1498    .text.w25_Init      w25q64jvssiq.o
    0x08006112   0x08006112   0x00000002   PAD
    0x08006114   0x08006114   0x0000001c   Code   RO         1496    .text.w25_spi_read  w25q64jvssiq.o
    0x08006130   0x08006130   0x00000022   Code   RO         1494    .text.w25_spi_witre  w25q64jvssiq.o
    0x08006152   0x08006152   0x00000002   PAD
    0x08006154   0x08006154   0x00000052   Code   RO         1574    .text.wireless_printf_battery  battery.o
    0x080061a6   0x080061a6   0x00000002   PAD
    0x080061a8   0x080061a8   0x00000034   Code   RO         2094    i.__0vsnprintf      mc_w.l(printfa.o)
    0x080061dc   0x080061dc   0x0000000e   Code   RO         2261    i.__scatterload_copy  mc_w.l(handlers.o)
    0x080061ea   0x080061ea   0x00000002   Code   RO         2262    i.__scatterload_null  mc_w.l(handlers.o)
    0x080061ec   0x080061ec   0x0000000e   Code   RO         2263    i.__scatterload_zeroinit  mc_w.l(handlers.o)
    0x080061fa   0x080061fa   0x00000002   PAD
    0x080061fc   0x080061fc   0x00000184   Code   RO         2096    i._fp_digits        mc_w.l(printfa.o)
    0x08006380   0x08006380   0x000006dc   Code   RO         2097    i._printf_core      mc_w.l(printfa.o)
    0x08006a5c   0x08006a5c   0x00000024   Code   RO         2098    i._printf_post_padding  mc_w.l(printfa.o)
    0x08006a80   0x08006a80   0x0000002e   Code   RO         2099    i._printf_pre_padding  mc_w.l(printfa.o)
    0x08006aae   0x08006aae   0x00000016   Code   RO         2100    i._snputc           mc_w.l(printfa.o)
    0x08006ac4   0x08006ac4   0x00000010   Data   RO         1361    .rodata.AHBPrescTable  system_stm32f4xx.o
    0x08006ad4   0x08006ad4   0x00000008   Data   RO         1362    .rodata.APBPrescTable  system_stm32f4xx.o
    0x08006adc   0x08006adc   0x00000008   Data   RO          461    .rodata.cst8        stm32f4xx_hal_dma.o
    0x08006ae4   0x08006ae4   0x0000000d   Data   RO           21    .rodata.str1.1      main.o
    0x08006af1   0x08006af1   0x00000010   Data   RO         1558    .rodata.str1.1      mpu6050.o
    0x08006b01   0x08006b01   0x00000003   PAD
    0x08006b04   0x08006b04   0x00000020   Data   RO         2260    Region$$Table       anon$$obj.o


    Execution Region RW_IRAM1 (Exec base: 0x20000000, Load base: 0x08006b28, Size: 0x00000810, Max: 0x00020000, ABSOLUTE)

    Exec Addr    Load Addr    Size         Type   Attr      Idx    E Section Name        Object

    0x20000000   0x08006b28   0x00000008   Data   RW          633    .data..L_MergedGlobals  stm32f4xx_hal.o
    0x20000008   0x08006b30   0x00000010   Data   RW         1797    .data.NumQ          attitude_solution.o
    0x20000018   0x08006b40   0x00000004   Data   RW         1360    .data.SystemCoreClock  system_stm32f4xx.o
    0x2000001c   0x08006b44   0x00000004   PAD
    0x20000020        -       0x00000004   Zero   RW         1578    .bss.ADC_Value      battery.o
    0x20000024        -       0x0000000c   Zero   RW         1798    .bss.GyroIntegError  attitude_solution.o
    0x20000030        -       0x00000004   Zero   RW         1426    .bss.HAL_TIM_PeriodElapsedCallback.tim2_count  motor.o
    0x20000034        -       0x00000048   Zero   RW           47    .bss.hadc1          adc.o
    0x2000007c        -       0x00000060   Zero   RW           48    .bss.hdma_adc1      adc.o
    0x200000dc        -       0x00000060   Zero   RW          138    .bss.hdma_usart3_rx  usart.o
    0x2000013c        -       0x00000054   Zero   RW           71    .bss.hi2c1          i2c.o
    0x20000190        -       0x00000058   Zero   RW           88    .bss.hspi1          spi.o
    0x200001e8        -       0x00000058   Zero   RW           89    .bss.hspi2          spi.o
    0x20000240        -       0x00000048   Zero   RW          114    .bss.htim2          tim.o
    0x20000288        -       0x00000048   Zero   RW          115    .bss.htim3          tim.o
    0x200002d0        -       0x00000048   Zero   RW          116    .bss.htim4          tim.o
    0x20000318        -       0x00000044   Zero   RW          135    .bss.huart1         usart.o
    0x2000035c        -       0x00000044   Zero   RW          136    .bss.huart2         usart.o
    0x200003a0        -       0x00000044   Zero   RW          137    .bss.huart3         usart.o
    0x200003e4        -       0x0000000c   Zero   RW         1560    .bss.mpu6050        mpu6050.o
    0x200003f0        -       0x0000000b   Zero   RW         1481    .bss.uart3_rx_buff  pmw3901.o
    0x200003fb   0x08006b44   0x00000001   PAD
    0x200003fc        -       0x00000004   Zero   RW          632    .bss.uwTick         stm32f4xx_hal.o
    0x20000400        -       0x00000010   Zero   RW         1514    .bss.w25_1          w25q64jvssiq.o
    0x20000410        -       0x00000400   Zero   RW            1    STACK               startup_stm32f407xx.o


==============================================================================

Image component sizes


      Code (inc. data)   RO Data    RW Data    ZI Data      Debug   Object Name

       288          0          0          0        168       5360   adc.o
        38          0          0         16         12       2957   attitude_solution.o
       150          0          0          0          4       5070   battery.o
        56          0          0          0          0       1393   dma.o
       332          0          0          0          0       4325   gpio.o
       172          0          0          0         84       5389   i2c.o
       806        124         13          0          0       7445   main.o
        30          0          0          0          4       6231   motor.o
       678         48         16          0         12      11084   mpu6050.o
      2090         16          0          0          0      12452   nrf24l01.o
        24          0          0          0         11       7471   pmw3901.o
       340          0          0          0        176       5513   spi.o
        36          8        392          0       1024        808   startup_stm32f407xx.o
       204          0          0          8          4       7265   stm32f4xx_hal.o
      1232          0          0          0          0      12016   stm32f4xx_hal_adc.o
       196          0          0          0          0      10430   stm32f4xx_hal_cortex.o
      1142          6          8          0          0      10697   stm32f4xx_hal_dma.o
       454          0          0          0          0       5309   stm32f4xx_hal_gpio.o
      3804          0          0          0          0      54824   stm32f4xx_hal_i2c.o
        60          0          0          0          0       1573   stm32f4xx_hal_msp.o
      1484          0          0          0          0       7410   stm32f4xx_hal_rcc.o
      2276          0          0          0          0      27411   stm32f4xx_hal_spi.o
      2292          6          0          0          0      55508   stm32f4xx_hal_tim.o
       190          0          0          0          0      20949   stm32f4xx_hal_tim_ex.o
      3092          0          0          0          0      31566   stm32f4xx_hal_uart.o
        88          0          0          0          0       6122   stm32f4xx_it.o
        18          0         24          4          0       2610   system_stm32f4xx.o
       680          0          0          0        216      10014   tim.o
       582          0          0          0        300       7558   usart.o
       164          0          0          0         16       9057   w25q64jvssiq.o

    ----------------------------------------------------------------------
     23156        208        488         28       2036     355817   Object Totals
         0          0         32          0          0          0   (incl. Generated)
       158          0          3          0          5          0   (incl. Padding)

    ----------------------------------------------------------------------

      Code (inc. data)   RO Data    RW Data    ZI Data      Debug   Library Member Name

         0          0          0          0          0          0   entry.o
         0          0          0          0          0          0   entry10a.o
         0          0          0          0          0          0   entry11a.o
         8          4          0          0          0          0   entry2.o
         4          0          0          0          0          0   entry5.o
         0          0          0          0          0          0   entry7b.o
         0          0          0          0          0          0   entry8b.o
         8          4          0          0          0          0   entry9a.o
        30          0          0          0          0          0   handlers.o
        48         10          0          0          0         68   init.o
         0          0          0          0          0          0   iusefp.o
        30          0          0          0          0         68   llshl.o
        36          0          0          0          0         68   llsshr.o
        32          0          0          0          0         68   llushr.o
      2300         86          0          0          0        516   printfa.o
        14          0          0          0          0         68   strlen.o
        44          0          0          0          0         80   uidiv.o
        98          0          0          0          0         92   uldiv.o
        48          0          0          0          0         68   cdrcmple.o
       334          0          0          0          0        148   dadd.o
       222          0          0          0          0        100   ddiv.o
       186          0          0          0          0        176   depilogue.o
        48          0          0          0          0         68   dfixul.o
        26          0          0          0          0         76   dfltui.o
       228          0          0          0          0         96   dmul.o
        38          0          0          0          0         68   f2d.o

    ----------------------------------------------------------------------
      3784        104          0          0          0       1828   Library Totals
         2          0          0          0          0          0   (incl. Padding)

    ----------------------------------------------------------------------

      Code (inc. data)   RO Data    RW Data    ZI Data      Debug   Library Name

      2652        104          0          0          0       1028   mc_w.l
      1130          0          0          0          0        800   mf_w.l

    ----------------------------------------------------------------------
      3784        104          0          0          0       1828   Library Totals

    ----------------------------------------------------------------------

==============================================================================


      Code (inc. data)   RO Data    RW Data    ZI Data      Debug   

     26940        312        488         28       2036     356353   Grand Totals
     26940        312        488         28       2036     356353   ELF Image Totals
     26940        312        488         28          0          0   ROM Totals

==============================================================================

    Total RO  Size (Code + RO Data)                27428 (  26.79kB)
    Total RW  Size (RW Data + ZI Data)              2064 (   2.02kB)
    Total ROM Size (Code + RO Data + RW Data)      27456 (  26.81kB)

==============================================================================

