<html>
<body>
<pre>
<h1>µVision Build Log</h1>
<h2>Tool Versions:</h2>
IDE-Version: ¦ÌVision V5.39.0.0
Copyright (C) 2023 ARM Ltd and ARM Germany GmbH. All rights reserved.
License Information: 1 2556904926@qq.com, 1, LIC=X96CK-ZD6V2-56YQ2-9G7PV-JRC78-UWXFL
 
Tool Versions:
Toolchain:       MDK-ARM Plus  Version: 5.39.0.0
Toolchain Path:  D:\MDK\ARM\ARMCLANG\Bin
C Compiler:      ArmClang.exe V6.21
Assembler:       Armasm.exe V6.21
Linker/Locator:  ArmLink.exe V6.21
Library Manager: ArmAr.exe V6.21
Hex Converter:   FromElf.exe V6.21
CPU DLL:         SARMCM3.DLL V5.39.0.0
Dialog DLL:      DCM.DLL V1.17.5.0
Target DLL:      STLink\ST-LINKIII-KEIL_SWO.dll V3.2.0.0
Dialog DLL:      TCM.DLL V1.56.4.0
 
<h2>Project:</h2>
D:\fly\fly_mdk\MDK-ARM\fly_mdk.uvprojx
Project File Date:  03/08/2024

<h2>Output:</h2>
*** Using Compiler 'V6.21', folder: 'D:\MDK\ARM\ARMCLANG\Bin'
Build target 'fly_mdk'
LIB/mpu6050.c(70): warning: illegal character encoding in string literal [-Winvalid-source-encoding]
   70 |         wireless_printf_battery("mpu6050<B3><F5>Ê¼<BB><AF><B3>É¹<A6>\r\n");
      |                                         ^~~~~~~~ ~~~~~~~~~~~~ ~~~~
1 warning generated.
compiling mpu6050.c...
compiling Kalman.c...
linking...
Program Size: Code=26940 RO-data=488 RW-data=28 ZI-data=2036  
FromELF: creating hex file...
"fly_mdk\fly_mdk.axf" - 0 Error(s), 1 Warning(s).

<h2>Software Packages used:</h2>

Package Vendor: Keil
                https://www.keil.com/pack/Keil.STM32F4xx_DFP.2.17.1.pack
                Keil::STM32F4xx_DFP@2.17.1
                STMicroelectronics STM32F4 Series Device Support, Drivers and Examples

<h2>Collection of Component include folders:</h2>
  D:/MDK/Keil/STM32F4xx_DFP/2.17.1/Drivers/CMSIS/Device/ST/STM32F4xx/Include

<h2>Collection of Component Files used:</h2>
Build Time Elapsed:  00:00:02
</pre>
</body>
</html>
